[2020-03-30T10:37:44.292+0200][0.030s][info][gc,heap] Heap region size: 1M
[2020-03-30T10:37:44.331+0200][0.070s][info][gc     ] Using G1
[2020-03-30T10:37:44.331+0200][0.070s][info][gc,heap,coops] Heap address: 0x0000000080000000, size: 2048 MB, Compressed Oops mode: 32-bit
[2020-03-30T10:37:44.447+0200][0.185s][info][safepoint    ] Total time for which application threads were stopped: 0.0000569 seconds, Stopping threads took: 0.0000110 seconds
[2020-03-30T10:37:44.454+0200][0.193s][info][safepoint    ] Application time: 0.0052356 seconds
[2020-03-30T10:37:44.454+0200][0.193s][info][safepoint    ] Total time for which application threads were stopped: 0.0000335 seconds, Stopping threads took: 0.0000087 seconds
[2020-03-30T10:37:44.519+0200][0.258s][info][safepoint    ] Application time: 0.0647980 seconds
[2020-03-30T10:37:44.519+0200][0.258s][info][safepoint    ] Total time for which application threads were stopped: 0.0000548 seconds, Stopping threads took: 0.0000128 seconds
[2020-03-30T10:37:44.558+0200][0.296s][info][safepoint    ] Application time: 0.0383369 seconds
[2020-03-30T10:37:44.558+0200][0.296s][info][safepoint    ] Total time for which application threads were stopped: 0.0000586 seconds, Stopping threads took: 0.0000116 seconds
[2020-03-30T10:37:44.881+0200][0.619s][info][safepoint    ] Application time: 0.3232139 seconds
[2020-03-30T10:37:44.881+0200][0.620s][info][safepoint    ] Total time for which application threads were stopped: 0.0000866 seconds, Stopping threads took: 0.0000132 seconds
[2020-03-30T10:37:44.985+0200][0.723s][info][safepoint    ] Application time: 0.1031849 seconds
[2020-03-30T10:37:44.985+0200][0.723s][info][safepoint    ] Total time for which application threads were stopped: 0.0001613 seconds, Stopping threads took: 0.0000133 seconds
[2020-03-30T10:37:45.130+0200][0.869s][info][safepoint    ] Application time: 0.1459763 seconds
[2020-03-30T10:37:45.130+0200][0.869s][info][safepoint    ] Total time for which application threads were stopped: 0.0002408 seconds, Stopping threads took: 0.0000256 seconds
[2020-03-30T10:37:45.158+0200][0.896s][info][safepoint    ] Application time: 0.0271559 seconds
[2020-03-30T10:37:45.158+0200][0.896s][info][safepoint    ] Total time for which application threads were stopped: 0.0001339 seconds, Stopping threads took: 0.0000103 seconds
[2020-03-30T10:37:45.235+0200][0.974s][info][safepoint    ] Application time: 0.0770930 seconds
[2020-03-30T10:37:45.235+0200][0.974s][info][gc,start     ] GC(0) Pause Initial Mark (Metadata GC Threshold)
[2020-03-30T10:37:45.235+0200][0.974s][info][gc,task      ] GC(0) Using 8 workers of 8 for evacuation
[2020-03-30T10:37:45.235+0200][0.974s][debug][gc,age       ] GC(0) Desired survivor size 6815744 bytes, new threshold 15 (max threshold 15)
[2020-03-30T10:37:45.246+0200][0.984s][trace][gc,age       ] GC(0) Age table with threshold 15 (max threshold 15)
[2020-03-30T10:37:45.246+0200][0.984s][trace][gc,age       ] GC(0) - age   1:   13152608 bytes,   13152608 total
[2020-03-30T10:37:45.246+0200][0.985s][info ][gc,phases    ] GC(0)   Pre Evacuate Collection Set: 0.0ms
[2020-03-30T10:37:45.246+0200][0.985s][info ][gc,phases    ] GC(0)   Evacuate Collection Set: 5.9ms
[2020-03-30T10:37:45.246+0200][0.985s][info ][gc,phases    ] GC(0)   Post Evacuate Collection Set: 4.7ms
[2020-03-30T10:37:45.246+0200][0.985s][info ][gc,phases    ] GC(0)   Other: 0.2ms
[2020-03-30T10:37:45.246+0200][0.985s][info ][gc,heap      ] GC(0) Eden regions: 81->0(89)
[2020-03-30T10:37:45.246+0200][0.985s][info ][gc,heap      ] GC(0) Survivor regions: 0->13(13)
[2020-03-30T10:37:45.246+0200][0.985s][info ][gc,heap      ] GC(0) Old regions: 0->2
[2020-03-30T10:37:45.246+0200][0.985s][info ][gc,heap      ] GC(0) Humongous regions: 3->3
[2020-03-30T10:37:45.246+0200][0.985s][info ][gc,metaspace ] GC(0) Metaspace: 20308K->20308K(1069056K)
[2020-03-30T10:37:45.246+0200][0.985s][info ][gc           ] GC(0) Pause Initial Mark (Metadata GC Threshold) 84M->17M(2048M) 10.928ms
[2020-03-30T10:37:45.246+0200][0.985s][info ][gc,cpu       ] GC(0) User=0.02s Sys=0.02s Real=0.01s
[2020-03-30T10:37:45.246+0200][0.985s][info ][safepoint    ] Total time for which application threads were stopped: 0.0110934 seconds, Stopping threads took: 0.0000125 seconds
[2020-03-30T10:37:45.246+0200][0.985s][info ][gc           ] GC(1) Concurrent Cycle
[2020-03-30T10:37:45.246+0200][0.985s][info ][gc,marking   ] GC(1) Concurrent Clear Claimed Marks
[2020-03-30T10:37:45.246+0200][0.985s][info ][gc,marking   ] GC(1) Concurrent Clear Claimed Marks 0.037ms
[2020-03-30T10:37:45.246+0200][0.985s][info ][gc,marking   ] GC(1) Concurrent Scan Root Regions
[2020-03-30T10:37:45.248+0200][0.987s][info ][gc,marking   ] GC(1) Concurrent Scan Root Regions 1.898ms
[2020-03-30T10:37:45.248+0200][0.987s][info ][gc,marking   ] GC(1) Concurrent Mark (0.987s)
[2020-03-30T10:37:45.248+0200][0.987s][info ][gc,marking   ] GC(1) Concurrent Mark From Roots
[2020-03-30T10:37:45.248+0200][0.987s][info ][gc,task      ] GC(1) Using 2 workers of 2 for marking
[2020-03-30T10:37:45.249+0200][0.987s][info ][gc,marking   ] GC(1) Concurrent Mark From Roots 0.336ms
[2020-03-30T10:37:45.249+0200][0.987s][info ][gc,marking   ] GC(1) Concurrent Mark (0.987s, 0.987s) 0.356ms
[2020-03-30T10:37:45.249+0200][0.987s][info ][safepoint    ] Application time: 0.0024045 seconds
[2020-03-30T10:37:45.249+0200][0.987s][info ][gc,start     ] GC(1) Pause Remark
[2020-03-30T10:37:45.251+0200][0.989s][info ][gc,stringtable] GC(1) Cleaned string and symbol table, strings: 9018 processed, 0 removed, symbols: 67862 processed, 50 removed
[2020-03-30T10:37:45.251+0200][0.989s][info ][gc            ] GC(1) Pause Remark 17M->17M(2048M) 1.819ms
[2020-03-30T10:37:45.251+0200][0.989s][info ][gc,cpu        ] GC(1) User=0.00s Sys=0.00s Real=0.00s
[2020-03-30T10:37:45.251+0200][0.989s][info ][safepoint     ] Total time for which application threads were stopped: 0.0019695 seconds, Stopping threads took: 0.0001023 seconds
[2020-03-30T10:37:45.251+0200][0.989s][info ][gc,marking    ] GC(1) Concurrent Create Live Data
[2020-03-30T10:37:45.251+0200][0.989s][info ][gc,marking    ] GC(1) Concurrent Create Live Data 0.180ms
[2020-03-30T10:37:45.251+0200][0.989s][info ][safepoint     ] Application time: 0.0002376 seconds
[2020-03-30T10:37:45.251+0200][0.990s][info ][gc,start      ] GC(1) Pause Cleanup
[2020-03-30T10:37:45.252+0200][0.990s][info ][gc            ] GC(1) Pause Cleanup 17M->17M(2048M) 0.783ms
[2020-03-30T10:37:45.252+0200][0.990s][info ][gc,cpu        ] GC(1) User=0.00s Sys=0.00s Real=0.00s
[2020-03-30T10:37:45.252+0200][0.990s][info ][safepoint     ] Total time for which application threads were stopped: 0.0009311 seconds, Stopping threads took: 0.0000850 seconds
[2020-03-30T10:37:45.252+0200][0.990s][info ][gc,marking    ] GC(1) Concurrent Cleanup for Next Mark
[2020-03-30T10:37:45.255+0200][0.993s][info ][gc,marking    ] GC(1) Concurrent Cleanup for Next Mark 2.525ms
[2020-03-30T10:37:45.255+0200][0.993s][info ][gc            ] GC(1) Concurrent Cycle 8.269ms
[2020-03-30T10:37:45.308+0200][1.046s][info ][safepoint     ] Application time: 0.0553880 seconds
[2020-03-30T10:37:45.308+0200][1.046s][info ][safepoint     ] Total time for which application threads were stopped: 0.0001471 seconds, Stopping threads took: 0.0000115 seconds
[2020-03-30T10:37:45.328+0200][1.066s][info ][safepoint     ] Application time: 0.0201287 seconds
[2020-03-30T10:37:45.328+0200][1.066s][info ][safepoint     ] Total time for which application threads were stopped: 0.0001357 seconds, Stopping threads took: 0.0000114 seconds
[2020-03-30T10:37:45.365+0200][1.103s][info ][safepoint     ] Application time: 0.0371730 seconds
[2020-03-30T10:37:45.366+0200][1.104s][info ][safepoint     ] Total time for which application threads were stopped: 0.0001549 seconds, Stopping threads took: 0.0000117 seconds
[2020-03-30T10:37:45.462+0200][1.201s][info ][safepoint     ] Application time: 0.0974218 seconds
[2020-03-30T10:37:45.462+0200][1.201s][info ][safepoint     ] Total time for which application threads were stopped: 0.0001589 seconds, Stopping threads took: 0.0000129 seconds
[2020-03-30T10:37:45.476+0200][1.214s][info ][safepoint     ] Application time: 0.0132842 seconds
[2020-03-30T10:37:45.476+0200][1.215s][info ][safepoint     ] Total time for which application threads were stopped: 0.0001701 seconds, Stopping threads took: 0.0000148 seconds
[2020-03-30T10:37:45.541+0200][1.279s][info ][safepoint     ] Application time: 0.0646892 seconds
[2020-03-30T10:37:45.541+0200][1.280s][info ][safepoint     ] Total time for which application threads were stopped: 0.0001750 seconds, Stopping threads took: 0.0000138 seconds
[2020-03-30T10:37:46.542+0200][2.280s][info ][safepoint     ] Application time: 1.0001657 seconds
[2020-03-30T10:37:46.542+0200][2.280s][info ][safepoint     ] Total time for which application threads were stopped: 0.0001189 seconds, Stopping threads took: 0.0000305 seconds
[2020-03-30T10:37:47.755+0200][3.493s][info ][safepoint     ] Application time: 1.2129254 seconds
[2020-03-30T10:37:47.755+0200][3.493s][info ][safepoint     ] Total time for which application threads were stopped: 0.0001782 seconds, Stopping threads took: 0.0000148 seconds
[2020-03-30T10:37:47.964+0200][3.702s][info ][safepoint     ] Application time: 0.2089828 seconds
[2020-03-30T10:37:47.964+0200][3.702s][info ][safepoint     ] Total time for which application threads were stopped: 0.0002857 seconds, Stopping threads took: 0.0000532 seconds
[2020-03-30T10:37:48.498+0200][4.237s][info ][safepoint     ] Application time: 0.5341435 seconds
[2020-03-30T10:37:48.499+0200][4.237s][info ][safepoint     ] Total time for which application threads were stopped: 0.0002452 seconds, Stopping threads took: 0.0000192 seconds
[2020-03-30T10:37:48.503+0200][4.241s][info ][safepoint     ] Application time: 0.0039930 seconds
[2020-03-30T10:37:48.503+0200][4.241s][info ][safepoint     ] Total time for which application threads were stopped: 0.0002705 seconds, Stopping threads took: 0.0000879 seconds
[2020-03-30T10:37:48.746+0200][4.484s][info ][safepoint     ] Application time: 0.2432404 seconds
[2020-03-30T10:37:48.746+0200][4.485s][info ][safepoint     ] Total time for which application threads were stopped: 0.0004925 seconds, Stopping threads took: 0.0003450 seconds
[2020-03-30T10:37:48.754+0200][4.493s][info ][safepoint     ] Application time: 0.0080453 seconds
[2020-03-30T10:37:48.755+0200][4.493s][info ][gc,start      ] GC(2) Pause Full (System.gc())
[2020-03-30T10:37:48.755+0200][4.494s][info ][gc,phases,start] GC(2) Phase 1: Mark live objects
[2020-03-30T10:37:48.779+0200][4.518s][info ][gc,stringtable ] GC(2) Cleaned string and symbol table, strings: 16489 processed, 133 removed, symbols: 103091 processed, 45 removed
[2020-03-30T10:37:48.779+0200][4.518s][info ][gc,phases      ] GC(2) Phase 1: Mark live objects 23.858ms
[2020-03-30T10:37:48.779+0200][4.518s][info ][gc,phases,start] GC(2) Phase 2: Compute new object addresses
[2020-03-30T10:37:48.796+0200][4.535s][info ][gc,phases      ] GC(2) Phase 2: Compute new object addresses 16.949ms
[2020-03-30T10:37:48.796+0200][4.535s][info ][gc,phases,start] GC(2) Phase 3: Adjust pointers
[2020-03-30T10:37:48.811+0200][4.549s][info ][gc,phases      ] GC(2) Phase 3: Adjust pointers 14.450ms
[2020-03-30T10:37:48.811+0200][4.549s][info ][gc,phases,start] GC(2) Phase 4: Move objects
[2020-03-30T10:37:48.821+0200][4.560s][info ][gc,phases      ] GC(2) Phase 4: Move objects 10.511ms
[2020-03-30T10:37:48.824+0200][4.562s][info ][gc,task        ] GC(2) Using 8 workers of 8 to rebuild remembered set
[2020-03-30T10:37:48.827+0200][4.565s][info ][gc,heap        ] GC(2) Eden regions: 66->0(102)
[2020-03-30T10:37:48.827+0200][4.565s][info ][gc,heap        ] GC(2) Survivor regions: 13->0(13)
[2020-03-30T10:37:48.827+0200][4.565s][info ][gc,heap        ] GC(2) Old regions: 2->17
[2020-03-30T10:37:48.827+0200][4.565s][info ][gc,heap        ] GC(2) Humongous regions: 3->3
[2020-03-30T10:37:48.827+0200][4.565s][info ][gc,metaspace   ] GC(2) Metaspace: 32574K->32574K(1079296K)
[2020-03-30T10:37:48.827+0200][4.565s][info ][gc             ] GC(2) Pause Full (System.gc()) 83M->19M(2048M) 71.871ms
[2020-03-30T10:37:48.827+0200][4.565s][info ][gc,cpu         ] GC(2) User=0.20s Sys=0.00s Real=0.07s
[2020-03-30T10:37:48.827+0200][4.565s][info ][safepoint      ] Total time for which application threads were stopped: 0.0720764 seconds, Stopping threads took: 0.0000505 seconds
[2020-03-30T10:37:48.850+0200][4.589s][info ][safepoint      ] Application time: 0.0236441 seconds
[2020-03-30T10:37:48.851+0200][4.589s][info ][safepoint      ] Total time for which application threads were stopped: 0.0001893 seconds, Stopping threads took: 0.0000679 seconds
[2020-03-30T10:37:48.998+0200][4.736s][info ][safepoint      ] Application time: 0.1465029 seconds
[2020-03-30T10:37:48.998+0200][4.736s][info ][safepoint      ] Total time for which application threads were stopped: 0.0000935 seconds, Stopping threads took: 0.0000174 seconds
[2020-03-30T10:37:49.015+0200][4.753s][info ][safepoint      ] Application time: 0.0172402 seconds
[2020-03-30T10:37:49.015+0200][4.753s][info ][safepoint      ] Total time for which application threads were stopped: 0.0000713 seconds, Stopping threads took: 0.0000207 seconds
[2020-03-30T10:37:49.044+0200][4.783s][info ][safepoint      ] Application time: 0.0294519 seconds
[2020-03-30T10:37:49.044+0200][4.783s][info ][safepoint      ] Total time for which application threads were stopped: 0.0000579 seconds, Stopping threads took: 0.0000166 seconds
[2020-03-30T10:37:49.066+0200][4.804s][info ][safepoint      ] Application time: 0.0216879 seconds
[2020-03-30T10:37:49.066+0200][4.804s][info ][safepoint      ] Total time for which application threads were stopped: 0.0000704 seconds, Stopping threads took: 0.0000199 seconds
[2020-03-30T10:37:49.735+0200][5.474s][info ][safepoint      ] Application time: 0.6691580 seconds
[2020-03-30T10:37:49.735+0200][5.474s][info ][safepoint      ] Total time for which application threads were stopped: 0.0001002 seconds, Stopping threads took: 0.0000209 seconds
[2020-03-30T10:37:49.999+0200][5.737s][info ][safepoint      ] Application time: 0.2633683 seconds
[2020-03-30T10:37:50.000+0200][5.739s][info ][safepoint      ] Total time for which application threads were stopped: 0.0018482 seconds, Stopping threads took: 0.0015414 seconds
[2020-03-30T10:37:50.996+0200][6.735s][info ][safepoint      ] Application time: 0.9958755 seconds
[2020-03-30T10:37:50.996+0200][6.735s][info ][safepoint      ] Total time for which application threads were stopped: 0.0001864 seconds, Stopping threads took: 0.0000912 seconds
[2020-03-30T10:37:51.997+0200][7.735s][info ][safepoint      ] Application time: 0.9999416 seconds
[2020-03-30T10:37:51.997+0200][7.735s][info ][safepoint      ] Total time for which application threads were stopped: 0.0000776 seconds, Stopping threads took: 0.0000230 seconds
[2020-03-30T10:37:51.998+0200][7.736s][info ][safepoint      ] Application time: 0.0010266 seconds
[2020-03-30T10:37:51.998+0200][7.736s][info ][safepoint      ] Total time for which application threads were stopped: 0.0000907 seconds, Stopping threads took: 0.0000139 seconds
[2020-03-30T10:37:52.999+0200][8.737s][info ][safepoint      ] Application time: 1.0003783 seconds
[2020-03-30T10:37:52.999+0200][8.737s][info ][safepoint      ] Total time for which application threads were stopped: 0.0000823 seconds, Stopping threads took: 0.0000224 seconds
[2020-03-30T10:37:52.999+0200][8.737s][info ][safepoint      ] Application time: 0.0001313 seconds
[2020-03-30T10:37:52.999+0200][8.737s][info ][safepoint      ] Total time for which application threads were stopped: 0.0000731 seconds, Stopping threads took: 0.0000103 seconds
[2020-03-30T10:37:53.999+0200][9.737s][info ][safepoint      ] Application time: 0.9999990 seconds
[2020-03-30T10:37:53.999+0200][9.737s][info ][safepoint      ] Total time for which application threads were stopped: 0.0001538 seconds, Stopping threads took: 0.0000604 seconds
[2020-03-30T09:52:42.317+0200][10.738s][info ][safepoint      ] Application time: 1.0002108 seconds
[2020-03-30T09:52:42.317+0200][10.738s][info ][safepoint      ] Total time for which application threads were stopped: 0.0000827 seconds, Stopping threads took: 0.0000268 seconds
[2020-03-30T09:52:42.318+0200][10.739s][info ][safepoint      ] Application time: 0.0015720 seconds
[2020-03-30T09:52:42.318+0200][10.740s][info ][safepoint      ] Total time for which application threads were stopped: 0.0000946 seconds, Stopping threads took: 0.0000133 seconds
[2020-03-30T09:52:43.319+0200][11.740s][info ][safepoint      ] Application time: 1.0000334 seconds
[2020-03-30T09:52:43.319+0200][11.740s][info ][safepoint      ] Total time for which application threads were stopped: 0.0001260 seconds, Stopping threads took: 0.0000296 seconds
[2020-03-30T09:52:43.320+0200][11.741s][info ][safepoint      ] Application time: 0.0011911 seconds
[2020-03-30T09:52:43.320+0200][11.741s][info ][safepoint      ] Total time for which application threads were stopped: 0.0001745 seconds, Stopping threads took: 0.0000222 seconds
[2020-03-30T09:52:44.160+0200][12.581s][info ][safepoint      ] Application time: 0.8400566 seconds
[2020-03-30T09:52:44.160+0200][12.581s][info ][gc,start       ] GC(3) Pause Young (G1 Evacuation Pause)
[2020-03-30T09:52:44.160+0200][12.581s][info ][gc,task        ] GC(3) Using 8 workers of 8 for evacuation
[2020-03-30T09:52:44.160+0200][12.581s][debug][gc,age         ] GC(3) Desired survivor size 6815744 bytes, new threshold 1 (max threshold 15)
[2020-03-30T09:52:44.163+0200][12.585s][trace][gc,age         ] GC(3) Age table with threshold 1 (max threshold 15)
[2020-03-30T09:52:44.163+0200][12.585s][trace][gc,age         ] GC(3) - age   1:    4404512 bytes,    4404512 total
[2020-03-30T09:52:44.164+0200][12.585s][info ][gc,phases      ] GC(3)   Pre Evacuate Collection Set: 0.0ms
[2020-03-30T09:52:44.164+0200][12.585s][info ][gc,phases      ] GC(3)   Evacuate Collection Set: 2.7ms
[2020-03-30T09:52:44.164+0200][12.585s][info ][gc,phases      ] GC(3)   Post Evacuate Collection Set: 0.8ms
[2020-03-30T09:52:44.164+0200][12.585s][info ][gc,phases      ] GC(3)   Other: 0.2ms
[2020-03-30T09:52:44.164+0200][12.585s][info ][gc,heap        ] GC(3) Eden regions: 102->0(98)
[2020-03-30T09:52:44.164+0200][12.585s][info ][gc,heap        ] GC(3) Survivor regions: 0->5(13)
[2020-03-30T09:52:44.164+0200][12.585s][info ][gc,heap        ] GC(3) Old regions: 17->17
[2020-03-30T09:52:44.164+0200][12.585s][info ][gc,heap        ] GC(3) Humongous regions: 3->3
[2020-03-30T09:52:44.164+0200][12.585s][info ][gc,metaspace   ] GC(3) Metaspace: 33332K->33332K(1081344K)
[2020-03-30T09:52:44.164+0200][12.585s][info ][gc             ] GC(3) Pause Young (G1 Evacuation Pause) 121M->23M(2048M) 3.737ms
[2020-03-30T09:52:44.164+0200][12.585s][info ][gc,cpu         ] GC(3) User=0.00s Sys=0.00s Real=0.00s
[2020-03-30T09:52:44.164+0200][12.585s][info ][safepoint      ] Total time for which application threads were stopped: 0.0038619 seconds, Stopping threads took: 0.0000213 seconds
[2020-03-30T09:52:44.320+0200][12.742s][info ][safepoint      ] Application time: 0.1565099 seconds
[2020-03-30T09:52:44.321+0200][12.742s][info ][safepoint      ] Total time for which application threads were stopped: 0.0002108 seconds, Stopping threads took: 0.0000357 seconds
[2020-03-30T09:52:45.321+0200][13.743s][info ][safepoint      ] Application time: 1.0009554 seconds
[2020-03-30T09:52:45.322+0200][13.743s][info ][safepoint      ] Total time for which application threads were stopped: 0.0002512 seconds, Stopping threads took: 0.0000421 seconds
[2020-03-30T09:52:46.321+0200][14.742s][info ][safepoint      ] Application time: 0.9990715 seconds
[2020-03-30T09:52:46.322+0200][14.743s][info ][safepoint      ] Total time for which application threads were stopped: 0.0001091 seconds, Stopping threads took: 0.0000172 seconds
[2020-03-30T09:52:46.323+0200][14.744s][info ][safepoint      ] Application time: 0.0017076 seconds
[2020-03-30T09:52:46.323+0200][14.744s][info ][safepoint      ] Total time for which application threads were stopped: 0.0000400 seconds, Stopping threads took: 0.0000105 seconds
[2020-03-30T09:52:47.323+0200][15.744s][info ][safepoint      ] Application time: 0.9994755 seconds
[2020-03-30T09:52:47.323+0200][15.744s][info ][safepoint      ] Total time for which application threads were stopped: 0.0000777 seconds, Stopping threads took: 0.0000246 seconds
[2020-03-30T09:52:47.324+0200][15.745s][info ][safepoint      ] Application time: 0.0011932 seconds
[2020-03-30T09:52:47.324+0200][15.745s][info ][safepoint      ] Total time for which application threads were stopped: 0.0001710 seconds, Stopping threads took: 0.0000873 seconds
[2020-03-30T09:52:48.328+0200][16.748s][info ][safepoint      ] Application time: 1.0030626 seconds
[2020-03-30T09:52:48.328+0200][16.749s][info ][safepoint      ] Total time for which application threads were stopped: 0.0004119 seconds, Stopping threads took: 0.0000639 seconds
[2020-03-30T09:52:49.326+0200][17.747s][info ][safepoint      ] Application time: 0.9982707 seconds
[2020-03-30T09:52:49.326+0200][17.748s][info ][safepoint      ] Total time for which application threads were stopped: 0.0002768 seconds, Stopping threads took: 0.0000458 seconds
[2020-03-30T09:52:50.327+0200][18.749s][info ][safepoint      ] Application time: 1.0009899 seconds
[2020-03-30T09:52:50.328+0200][18.749s][info ][safepoint      ] Total time for which application threads were stopped: 0.0005147 seconds, Stopping threads took: 0.0001950 seconds
[2020-03-30T09:52:51.329+0200][19.750s][info ][safepoint      ] Application time: 1.0002116 seconds
[2020-03-30T09:52:51.329+0200][19.750s][info ][safepoint      ] Total time for which application threads were stopped: 0.0002998 seconds, Stopping threads took: 0.0001802 seconds
[2020-03-30T09:52:51.330+0200][19.751s][info ][safepoint      ] Application time: 0.0013323 seconds
[2020-03-30T09:52:51.331+0200][19.752s][info ][safepoint      ] Total time for which application threads were stopped: 0.0003617 seconds, Stopping threads took: 0.0001575 seconds
[2020-03-30T09:52:52.329+0200][20.750s][info ][safepoint      ] Application time: 0.9976348 seconds
[2020-03-30T09:52:52.329+0200][20.750s][info ][safepoint      ] Total time for which application threads were stopped: 0.0005132 seconds, Stopping threads took: 0.0000633 seconds
[2020-03-30T09:52:53.148+0200][21.569s][info ][safepoint      ] Application time: 0.8190426 seconds
[2020-03-30T09:52:53.148+0200][21.569s][info ][gc,start       ] GC(4) Pause Young (G1 Evacuation Pause)
[2020-03-30T09:52:53.148+0200][21.569s][info ][gc,task        ] GC(4) Using 8 workers of 8 for evacuation
[2020-03-30T09:52:53.148+0200][21.569s][debug][gc,age         ] GC(4) Desired survivor size 6815744 bytes, new threshold 15 (max threshold 15)
[2020-03-30T09:52:53.150+0200][21.572s][trace][gc,age         ] GC(4) Age table with threshold 15 (max threshold 15)
[2020-03-30T09:52:53.150+0200][21.572s][trace][gc,age         ] GC(4) - age   1:     372592 bytes,     372592 total
[2020-03-30T09:52:53.150+0200][21.572s][trace][gc,age         ] GC(4) - age   2:    3931104 bytes,    4303696 total
[2020-03-30T09:52:53.150+0200][21.572s][info ][gc,phases      ] GC(4)   Pre Evacuate Collection Set: 0.0ms
[2020-03-30T09:52:53.150+0200][21.572s][info ][gc,phases      ] GC(4)   Evacuate Collection Set: 1.9ms
[2020-03-30T09:52:53.150+0200][21.572s][info ][gc,phases      ] GC(4)   Post Evacuate Collection Set: 0.5ms
[2020-03-30T09:52:53.150+0200][21.572s][info ][gc,phases      ] GC(4)   Other: 0.1ms
[2020-03-30T09:52:53.150+0200][21.572s][info ][gc,heap        ] GC(4) Eden regions: 98->0(376)
[2020-03-30T09:52:53.150+0200][21.572s][info ][gc,heap        ] GC(4) Survivor regions: 5->5(13)
[2020-03-30T09:52:53.150+0200][21.572s][info ][gc,heap        ] GC(4) Old regions: 17->17
[2020-03-30T09:52:53.150+0200][21.572s][info ][gc,heap        ] GC(4) Humongous regions: 3->3
[2020-03-30T09:52:53.150+0200][21.572s][info ][gc,metaspace   ] GC(4) Metaspace: 33434K->33434K(1081344K)
[2020-03-30T09:52:53.150+0200][21.572s][info ][gc             ] GC(4) Pause Young (G1 Evacuation Pause) 121M->23M(2048M) 2.684ms
[2020-03-30T09:52:53.150+0200][21.572s][info ][gc,cpu         ] GC(4) User=0.00s Sys=0.00s Real=0.00s
[2020-03-30T09:52:53.150+0200][21.572s][info ][safepoint      ] Total time for which application threads were stopped: 0.0028082 seconds, Stopping threads took: 0.0000208 seconds
[2020-03-30T09:52:53.329+0200][21.750s][info ][safepoint      ] Application time: 0.1774908 seconds
[2020-03-30T09:52:53.329+0200][21.750s][info ][safepoint      ] Total time for which application threads were stopped: 0.0003130 seconds, Stopping threads took: 0.0000538 seconds
[2020-03-30T09:52:54.328+0200][22.750s][info ][safepoint      ] Application time: 0.9994478 seconds
[2020-03-30T09:52:54.328+0200][22.750s][info ][safepoint      ] Total time for which application threads were stopped: 0.0002903 seconds, Stopping threads took: 0.0000677 seconds
[2020-03-30T09:52:55.330+0200][23.752s][info ][safepoint      ] Application time: 1.0016781 seconds
[2020-03-30T09:52:55.331+0200][23.752s][info ][safepoint      ] Total time for which application threads were stopped: 0.0004791 seconds, Stopping threads took: 0.0001846 seconds
[2020-03-30T09:52:56.332+0200][24.753s][info ][safepoint      ] Application time: 1.0008009 seconds
[2020-03-30T09:52:56.333+0200][24.754s][info ][safepoint      ] Total time for which application threads were stopped: 0.0004833 seconds, Stopping threads took: 0.0001799 seconds
[2020-03-30T09:52:56.338+0200][24.759s][info ][safepoint      ] Application time: 0.0053871 seconds
[2020-03-30T09:52:56.338+0200][24.760s][info ][safepoint      ] Total time for which application threads were stopped: 0.0003154 seconds, Stopping threads took: 0.0001563 seconds
[2020-03-30T09:52:57.332+0200][25.754s][info ][safepoint      ] Application time: 0.9940678 seconds
[2020-03-30T09:52:57.333+0200][25.754s][info ][safepoint      ] Total time for which application threads were stopped: 0.0005949 seconds, Stopping threads took: 0.0000660 seconds
[2020-03-30T09:52:58.331+0200][26.752s][info ][safepoint      ] Application time: 0.9978796 seconds
[2020-03-30T09:52:58.331+0200][26.753s][info ][safepoint      ] Total time for which application threads were stopped: 0.0001319 seconds, Stopping threads took: 0.0000198 seconds
[2020-03-30T09:52:59.332+0200][27.753s][info ][safepoint      ] Application time: 1.0007155 seconds
[2020-03-30T09:52:59.332+0200][27.753s][info ][safepoint      ] Total time for which application threads were stopped: 0.0001190 seconds, Stopping threads took: 0.0000135 seconds
[2020-03-30T09:53:00.335+0200][28.757s][info ][safepoint      ] Application time: 1.0032808 seconds
[2020-03-30T09:53:00.336+0200][28.757s][info ][safepoint      ] Total time for which application threads were stopped: 0.0003339 seconds, Stopping threads took: 0.0000527 seconds
[2020-03-30T09:53:01.335+0200][29.757s][info ][safepoint      ] Application time: 0.9995021 seconds
[2020-03-30T09:53:01.336+0200][29.757s][info ][safepoint      ] Total time for which application threads were stopped: 0.0003804 seconds, Stopping threads took: 0.0000488 seconds
[2020-03-30T09:53:02.333+0200][30.755s][info ][safepoint      ] Application time: 0.9979951 seconds
[2020-03-30T09:53:02.334+0200][30.756s][info ][safepoint      ] Total time for which application threads were stopped: 0.0002211 seconds, Stopping threads took: 0.0000373 seconds
[2020-03-30T09:53:03.335+0200][31.756s][info ][safepoint      ] Application time: 1.0004685 seconds
[2020-03-30T09:53:03.335+0200][31.756s][info ][safepoint      ] Total time for which application threads were stopped: 0.0002219 seconds, Stopping threads took: 0.0000568 seconds
[2020-03-30T09:53:03.337+0200][31.758s][info ][safepoint      ] Application time: 0.0018706 seconds
[2020-03-30T09:53:03.337+0200][31.759s][info ][safepoint      ] Total time for which application threads were stopped: 0.0003374 seconds, Stopping threads took: 0.0000461 seconds
[2020-03-30T09:53:04.336+0200][32.758s][info ][safepoint      ] Application time: 0.9986779 seconds
[2020-03-30T09:53:04.336+0200][32.758s][info ][safepoint      ] Total time for which application threads were stopped: 0.0003727 seconds, Stopping threads took: 0.0000567 seconds
[2020-03-30T09:53:05.336+0200][33.758s][info ][safepoint      ] Application time: 1.0000207 seconds
[2020-03-30T09:53:05.337+0200][33.759s][info ][safepoint      ] Total time for which application threads were stopped: 0.0003729 seconds, Stopping threads took: 0.0000598 seconds
[2020-03-30T09:53:06.338+0200][34.760s][info ][safepoint      ] Application time: 1.0013353 seconds
[2020-03-30T09:53:06.339+0200][34.761s][info ][safepoint      ] Total time for which application threads were stopped: 0.0003802 seconds, Stopping threads took: 0.0000619 seconds
[2020-03-30T09:53:06.344+0200][34.766s][info ][safepoint      ] Application time: 0.0054507 seconds
[2020-03-30T09:53:06.345+0200][34.766s][info ][safepoint      ] Total time for which application threads were stopped: 0.0002175 seconds, Stopping threads took: 0.0000417 seconds
[2020-03-30T09:53:07.340+0200][35.761s][info ][safepoint      ] Application time: 0.9949843 seconds
[2020-03-30T09:53:07.340+0200][35.762s][info ][safepoint      ] Total time for which application threads were stopped: 0.0003895 seconds, Stopping threads took: 0.0000600 seconds
[2020-03-30T09:53:08.341+0200][36.762s][info ][safepoint      ] Application time: 1.0002630 seconds
[2020-03-30T09:53:08.341+0200][36.763s][info ][safepoint      ] Total time for which application threads were stopped: 0.0003599 seconds, Stopping threads took: 0.0001773 seconds
[2020-03-30T09:53:08.341+0200][36.763s][info ][safepoint      ] Application time: 0.0001778 seconds
[2020-03-30T09:53:08.342+0200][36.764s][info ][safepoint      ] Total time for which application threads were stopped: 0.0004665 seconds, Stopping threads took: 0.0001429 seconds
[2020-03-30T09:53:09.342+0200][37.764s][info ][safepoint      ] Application time: 1.0001818 seconds
[2020-03-30T09:53:09.343+0200][37.764s][info ][safepoint      ] Total time for which application threads were stopped: 0.0003752 seconds, Stopping threads took: 0.0000623 seconds
