[2020-03-27T15:46:54.547+0100][0.015s][info][gc,heap] Heap region size: 1M
[2020-03-27T15:46:54.581+0100][0.049s][info][gc     ] Using G1
[2020-03-27T15:46:54.581+0100][0.049s][info][gc,heap,coops] Heap address: 0x0000000080000000, size: 2048 MB, Compressed Oops mode: 32-bit
[2020-03-27T15:46:54.685+0100][0.153s][info][safepoint    ] Total time for which application threads were stopped: 0.0000584 seconds, Stopping threads took: 0.0000115 seconds
[2020-03-27T15:46:54.693+0100][0.161s][info][safepoint    ] Application time: 0.0053888 seconds
[2020-03-27T15:46:54.693+0100][0.161s][info][safepoint    ] Total time for which application threads were stopped: 0.0000365 seconds, Stopping threads took: 0.0000097 seconds
[2020-03-27T15:46:54.756+0100][0.224s][info][safepoint    ] Application time: 0.0626939 seconds
[2020-03-27T15:46:54.756+0100][0.224s][info][safepoint    ] Total time for which application threads were stopped: 0.0000572 seconds, Stopping threads took: 0.0000127 seconds
[2020-03-27T15:46:54.794+0100][0.262s][info][safepoint    ] Application time: 0.0382820 seconds
[2020-03-27T15:46:54.794+0100][0.262s][info][safepoint    ] Total time for which application threads were stopped: 0.0001078 seconds, Stopping threads took: 0.0000259 seconds
[2020-03-27T15:46:55.094+0100][0.562s][info][safepoint    ] Application time: 0.2997430 seconds
[2020-03-27T15:46:55.094+0100][0.562s][info][safepoint    ] Total time for which application threads were stopped: 0.0001754 seconds, Stopping threads took: 0.0000822 seconds
[2020-03-27T15:46:55.203+0100][0.671s][info][safepoint    ] Application time: 0.1084941 seconds
[2020-03-27T15:46:55.203+0100][0.671s][info][safepoint    ] Total time for which application threads were stopped: 0.0001592 seconds, Stopping threads took: 0.0000147 seconds
[2020-03-27T15:46:55.350+0100][0.817s][info][safepoint    ] Application time: 0.1463398 seconds
[2020-03-27T15:46:55.350+0100][0.817s][info][safepoint    ] Total time for which application threads were stopped: 0.0001531 seconds, Stopping threads took: 0.0000151 seconds
[2020-03-27T15:46:55.375+0100][0.843s][info][safepoint    ] Application time: 0.0253772 seconds
[2020-03-27T15:46:55.375+0100][0.843s][info][safepoint    ] Total time for which application threads were stopped: 0.0001380 seconds, Stopping threads took: 0.0000110 seconds
[2020-03-27T15:46:55.451+0100][0.919s][info][safepoint    ] Application time: 0.0756276 seconds
[2020-03-27T15:46:55.451+0100][0.919s][info][gc,start     ] GC(0) Pause Initial Mark (Metadata GC Threshold)
[2020-03-27T15:46:55.451+0100][0.919s][info][gc,task      ] GC(0) Using 8 workers of 8 for evacuation
[2020-03-27T15:46:55.451+0100][0.919s][debug][gc,age       ] GC(0) Desired survivor size 6815744 bytes, new threshold 15 (max threshold 15)
[2020-03-27T15:46:55.460+0100][0.928s][trace][gc,age       ] GC(0) Age table with threshold 15 (max threshold 15)
[2020-03-27T15:46:55.460+0100][0.928s][trace][gc,age       ] GC(0) - age   1:   13246696 bytes,   13246696 total
[2020-03-27T15:46:55.460+0100][0.928s][info ][gc,phases    ] GC(0)   Pre Evacuate Collection Set: 0.0ms
[2020-03-27T15:46:55.460+0100][0.928s][info ][gc,phases    ] GC(0)   Evacuate Collection Set: 5.5ms
[2020-03-27T15:46:55.460+0100][0.928s][info ][gc,phases    ] GC(0)   Post Evacuate Collection Set: 3.8ms
[2020-03-27T15:46:55.460+0100][0.928s][info ][gc,phases    ] GC(0)   Other: 0.3ms
[2020-03-27T15:46:55.460+0100][0.928s][info ][gc,heap      ] GC(0) Eden regions: 81->0(89)
[2020-03-27T15:46:55.460+0100][0.928s][info ][gc,heap      ] GC(0) Survivor regions: 0->13(13)
[2020-03-27T15:46:55.460+0100][0.928s][info ][gc,heap      ] GC(0) Old regions: 0->2
[2020-03-27T15:46:55.460+0100][0.928s][info ][gc,heap      ] GC(0) Humongous regions: 3->3
[2020-03-27T15:46:55.460+0100][0.928s][info ][gc,metaspace ] GC(0) Metaspace: 20366K->20366K(1069056K)
[2020-03-27T15:46:55.460+0100][0.928s][info ][gc           ] GC(0) Pause Initial Mark (Metadata GC Threshold) 84M->17M(2048M) 9.678ms
[2020-03-27T15:46:55.460+0100][0.928s][info ][gc,cpu       ] GC(0) User=0.03s Sys=0.00s Real=0.01s
[2020-03-27T15:46:55.460+0100][0.929s][info ][gc           ] GC(1) Concurrent Cycle
[2020-03-27T15:46:55.460+0100][0.929s][info ][safepoint    ] Total time for which application threads were stopped: 0.0098595 seconds, Stopping threads took: 0.0000146 seconds
[2020-03-27T15:46:55.460+0100][0.929s][info ][gc,marking   ] GC(1) Concurrent Clear Claimed Marks
[2020-03-27T15:46:55.460+0100][0.929s][info ][gc,marking   ] GC(1) Concurrent Clear Claimed Marks 0.114ms
[2020-03-27T15:46:55.460+0100][0.929s][info ][gc,marking   ] GC(1) Concurrent Scan Root Regions
[2020-03-27T15:46:55.462+0100][0.930s][info ][gc,marking   ] GC(1) Concurrent Scan Root Regions 1.816ms
[2020-03-27T15:46:55.462+0100][0.931s][info ][gc,marking   ] GC(1) Concurrent Mark (0.930s)
[2020-03-27T15:46:55.462+0100][0.931s][info ][gc,marking   ] GC(1) Concurrent Mark From Roots
[2020-03-27T15:46:55.462+0100][0.931s][info ][gc,task      ] GC(1) Using 2 workers of 2 for marking
[2020-03-27T15:46:55.463+0100][0.931s][info ][gc,marking   ] GC(1) Concurrent Mark From Roots 0.351ms
[2020-03-27T15:46:55.463+0100][0.931s][info ][gc,marking   ] GC(1) Concurrent Mark (0.930s, 0.931s) 0.378ms
[2020-03-27T15:46:55.463+0100][0.931s][info ][safepoint    ] Application time: 0.0023349 seconds
[2020-03-27T15:46:55.463+0100][0.931s][info ][gc,start     ] GC(1) Pause Remark
[2020-03-27T15:46:55.465+0100][0.933s][info ][gc,stringtable] GC(1) Cleaned string and symbol table, strings: 9035 processed, 0 removed, symbols: 68252 processed, 50 removed
[2020-03-27T15:46:55.465+0100][0.933s][info ][gc            ] GC(1) Pause Remark 17M->17M(2048M) 1.962ms
[2020-03-27T15:46:55.465+0100][0.933s][info ][gc,cpu        ] GC(1) User=0.00s Sys=0.00s Real=0.00s
[2020-03-27T15:46:55.465+0100][0.933s][info ][safepoint     ] Total time for which application threads were stopped: 0.0021177 seconds, Stopping threads took: 0.0000874 seconds
[2020-03-27T15:46:55.465+0100][0.933s][info ][gc,marking    ] GC(1) Concurrent Create Live Data
[2020-03-27T15:46:55.465+0100][0.933s][info ][gc,marking    ] GC(1) Concurrent Create Live Data 0.203ms
[2020-03-27T15:46:55.465+0100][0.933s][info ][safepoint     ] Application time: 0.0003008 seconds
[2020-03-27T15:46:55.465+0100][0.933s][info ][gc,start      ] GC(1) Pause Cleanup
[2020-03-27T15:46:55.466+0100][0.934s][info ][gc            ] GC(1) Pause Cleanup 17M->17M(2048M) 0.638ms
[2020-03-27T15:46:55.466+0100][0.934s][info ][gc,cpu        ] GC(1) User=0.00s Sys=0.00s Real=0.00s
[2020-03-27T15:46:55.466+0100][0.934s][info ][safepoint     ] Total time for which application threads were stopped: 0.0006966 seconds, Stopping threads took: 0.0000137 seconds
[2020-03-27T15:46:55.466+0100][0.934s][info ][gc,marking    ] GC(1) Concurrent Cleanup for Next Mark
[2020-03-27T15:46:55.468+0100][0.937s][info ][gc,marking    ] GC(1) Concurrent Cleanup for Next Mark 2.589ms
[2020-03-27T15:46:55.469+0100][0.937s][info ][gc            ] GC(1) Concurrent Cycle 8.264ms
[2020-03-27T15:46:55.518+0100][0.986s][info ][safepoint     ] Application time: 0.0519460 seconds
[2020-03-27T15:46:55.518+0100][0.986s][info ][safepoint     ] Total time for which application threads were stopped: 0.0001487 seconds, Stopping threads took: 0.0000132 seconds
[2020-03-27T15:46:55.540+0100][1.008s][info ][safepoint     ] Application time: 0.0217764 seconds
[2020-03-27T15:46:55.540+0100][1.008s][info ][safepoint     ] Total time for which application threads were stopped: 0.0001572 seconds, Stopping threads took: 0.0000116 seconds
[2020-03-27T15:46:55.582+0100][1.050s][info ][safepoint     ] Application time: 0.0418349 seconds
[2020-03-27T15:46:55.582+0100][1.050s][info ][safepoint     ] Total time for which application threads were stopped: 0.0001510 seconds, Stopping threads took: 0.0000099 seconds
[2020-03-27T15:46:55.685+0100][1.153s][info ][safepoint     ] Application time: 0.1024788 seconds
[2020-03-27T15:46:55.685+0100][1.153s][info ][safepoint     ] Total time for which application threads were stopped: 0.0001981 seconds, Stopping threads took: 0.0000465 seconds
[2020-03-27T15:46:55.699+0100][1.166s][info ][safepoint     ] Application time: 0.0134570 seconds
[2020-03-27T15:46:55.699+0100][1.167s][info ][safepoint     ] Total time for which application threads were stopped: 0.0001608 seconds, Stopping threads took: 0.0000152 seconds
[2020-03-27T15:46:55.731+0100][1.198s][info ][safepoint     ] Application time: 0.0316399 seconds
[2020-03-27T15:46:55.731+0100][1.198s][info ][safepoint     ] Total time for which application threads were stopped: 0.0001889 seconds, Stopping threads took: 0.0000169 seconds
[2020-03-27T15:46:55.798+0100][1.266s][info ][safepoint     ] Application time: 0.0671663 seconds
[2020-03-27T15:46:55.798+0100][1.266s][info ][safepoint     ] Total time for which application threads were stopped: 0.0001882 seconds, Stopping threads took: 0.0000151 seconds
[2020-03-27T15:46:56.309+0100][1.777s][info ][safepoint     ] Application time: 0.5114923 seconds
[2020-03-27T15:46:56.310+0100][1.778s][info ][safepoint     ] Total time for which application threads were stopped: 0.0002300 seconds, Stopping threads took: 0.0000176 seconds
[2020-03-27T15:46:56.430+0100][1.898s][info ][safepoint     ] Application time: 0.1200421 seconds
[2020-03-27T15:46:56.430+0100][1.898s][info ][safepoint     ] Total time for which application threads were stopped: 0.0002731 seconds, Stopping threads took: 0.0000209 seconds
[2020-03-27T15:46:56.563+0100][2.030s][info ][safepoint     ] Application time: 0.1321302 seconds
[2020-03-27T15:46:56.563+0100][2.030s][info ][gc,start      ] GC(2) Pause Full (System.gc())
[2020-03-27T15:46:56.564+0100][2.031s][info ][gc,phases,start] GC(2) Phase 1: Mark live objects
[2020-03-27T15:46:56.585+0100][2.053s][info ][gc,stringtable ] GC(2) Cleaned string and symbol table, strings: 14705 processed, 133 removed, symbols: 98340 processed, 43 removed
[2020-03-27T15:46:56.585+0100][2.053s][info ][gc,phases      ] GC(2) Phase 1: Mark live objects 21.986ms
[2020-03-27T15:46:56.585+0100][2.053s][info ][gc,phases,start] GC(2) Phase 2: Compute new object addresses
[2020-03-27T15:46:56.602+0100][2.070s][info ][gc,phases      ] GC(2) Phase 2: Compute new object addresses 17.017ms
[2020-03-27T15:46:56.602+0100][2.070s][info ][gc,phases,start] GC(2) Phase 3: Adjust pointers
[2020-03-27T15:46:56.624+0100][2.092s][info ][gc,phases      ] GC(2) Phase 3: Adjust pointers 22.192ms
[2020-03-27T15:46:56.624+0100][2.092s][info ][gc,phases,start] GC(2) Phase 4: Move objects
[2020-03-27T15:46:56.637+0100][2.105s][info ][gc,phases      ] GC(2) Phase 4: Move objects 13.125ms
[2020-03-27T15:46:56.639+0100][2.107s][info ][gc,task        ] GC(2) Using 8 workers of 8 to rebuild remembered set
[2020-03-27T15:46:56.642+0100][2.110s][info ][gc,heap        ] GC(2) Eden regions: 62->0(102)
[2020-03-27T15:46:56.642+0100][2.110s][info ][gc,heap        ] GC(2) Survivor regions: 13->0(13)
[2020-03-27T15:46:56.642+0100][2.110s][info ][gc,heap        ] GC(2) Old regions: 2->16
[2020-03-27T15:46:56.642+0100][2.110s][info ][gc,heap        ] GC(2) Humongous regions: 3->3
[2020-03-27T15:46:56.642+0100][2.110s][info ][gc,metaspace   ] GC(2) Metaspace: 30985K->30985K(1077248K)
[2020-03-27T15:46:56.642+0100][2.110s][info ][gc             ] GC(2) Pause Full (System.gc()) 79M->18M(2048M) 80.130ms
[2020-03-27T15:46:56.642+0100][2.111s][info ][gc,cpu         ] GC(2) User=0.19s Sys=0.00s Real=0.08s
[2020-03-27T15:46:56.642+0100][2.111s][info ][safepoint      ] Total time for which application threads were stopped: 0.0803701 seconds, Stopping threads took: 0.0000480 seconds
[2020-03-27T15:46:57.380+0100][2.848s][info ][safepoint      ] Application time: 0.7376987 seconds
[2020-03-27T15:46:57.381+0100][2.848s][info ][safepoint      ] Total time for which application threads were stopped: 0.0001781 seconds, Stopping threads took: 0.0000401 seconds
[2020-03-27T15:46:58.382+0100][3.849s][info ][safepoint      ] Application time: 1.0008069 seconds
[2020-03-27T15:46:58.382+0100][3.850s][info ][safepoint      ] Total time for which application threads were stopped: 0.0002180 seconds, Stopping threads took: 0.0000586 seconds
[2020-03-27T15:46:58.745+0100][4.212s][info ][safepoint      ] Application time: 0.3627455 seconds
[2020-03-27T15:46:58.745+0100][4.213s][info ][safepoint      ] Total time for which application threads were stopped: 0.0003113 seconds, Stopping threads took: 0.0000988 seconds
[2020-03-27T15:46:59.745+0100][5.213s][info ][safepoint      ] Application time: 0.9999003 seconds
[2020-03-27T15:46:59.745+0100][5.213s][info ][safepoint      ] Total time for which application threads were stopped: 0.0001887 seconds, Stopping threads took: 0.0000520 seconds
[2020-03-27T15:47:00.746+0100][6.213s][info ][safepoint      ] Application time: 0.9999959 seconds
[2020-03-27T15:47:00.746+0100][6.213s][info ][safepoint      ] Total time for which application threads were stopped: 0.0001039 seconds, Stopping threads took: 0.0000498 seconds
[2020-03-27T15:47:01.746+0100][7.213s][info ][safepoint      ] Application time: 1.0001971 seconds
[2020-03-27T15:47:01.746+0100][7.214s][info ][safepoint      ] Total time for which application threads were stopped: 0.0001824 seconds, Stopping threads took: 0.0000444 seconds
[2020-03-27T15:47:02.746+0100][8.214s][info ][safepoint      ] Application time: 0.9997709 seconds
[2020-03-27T15:47:02.746+0100][8.214s][info ][safepoint      ] Total time for which application threads were stopped: 0.0001479 seconds, Stopping threads took: 0.0000464 seconds
[2020-03-27T15:47:03.747+0100][9.214s][info ][safepoint      ] Application time: 1.0002768 seconds
[2020-03-27T15:47:03.747+0100][9.214s][info ][safepoint      ] Total time for which application threads were stopped: 0.0002171 seconds, Stopping threads took: 0.0000581 seconds
[2020-03-27T15:47:04.551+0100][10.019s][info ][safepoint      ] Application time: 0.8044563 seconds
[2020-03-27T15:47:04.551+0100][10.019s][info ][safepoint      ] Total time for which application threads were stopped: 0.0002909 seconds, Stopping threads took: 0.0000186 seconds
[2020-03-27T15:47:04.563+0100][10.030s][info ][safepoint      ] Application time: 0.0111715 seconds
[2020-03-27T15:47:04.563+0100][10.031s][info ][safepoint      ] Total time for which application threads were stopped: 0.0001012 seconds, Stopping threads took: 0.0000577 seconds
[2020-03-27T15:47:04.563+0100][10.031s][info ][safepoint      ] Application time: 0.0001266 seconds
[2020-03-27T15:47:04.563+0100][10.031s][info ][safepoint      ] Total time for which application threads were stopped: 0.0001623 seconds, Stopping threads took: 0.0001237 seconds
[2020-03-27T15:47:04.563+0100][10.031s][info ][safepoint      ] Application time: 0.0000952 seconds
[2020-03-27T15:47:04.563+0100][10.031s][info ][safepoint      ] Total time for which application threads were stopped: 0.0001201 seconds, Stopping threads took: 0.0000802 seconds
[2020-03-27T15:47:04.564+0100][10.031s][info ][safepoint      ] Application time: 0.0003265 seconds
[2020-03-27T15:47:04.564+0100][10.032s][info ][safepoint      ] Total time for which application threads were stopped: 0.0000731 seconds, Stopping threads took: 0.0000271 seconds
[2020-03-27T15:47:04.616+0100][10.085s][info ][safepoint      ] Application time: 0.0530208 seconds
[2020-03-27T15:47:04.616+0100][10.085s][info ][safepoint      ] Total time for which application threads were stopped: 0.0000760 seconds, Stopping threads took: 0.0000352 seconds
[2020-03-27T15:47:04.617+0100][10.085s][info ][safepoint      ] Application time: 0.0002948 seconds
[2020-03-27T15:47:04.617+0100][10.085s][info ][safepoint      ] Total time for which application threads were stopped: 0.0000522 seconds, Stopping threads took: 0.0000105 seconds
[2020-03-27T15:47:04.617+0100][10.086s][info ][safepoint      ] Application time: 0.0004967 seconds
[2020-03-27T15:47:04.618+0100][10.086s][info ][safepoint      ] Total time for which application threads were stopped: 0.0002576 seconds, Stopping threads took: 0.0000085 seconds
[2020-03-27T15:47:04.618+0100][10.086s][info ][safepoint      ] Application time: 0.0001889 seconds
[2020-03-27T15:47:04.618+0100][10.086s][info ][safepoint      ] Total time for which application threads were stopped: 0.0000420 seconds, Stopping threads took: 0.0000093 seconds
[2020-03-27T15:47:04.618+0100][10.086s][info ][safepoint      ] Application time: 0.0001453 seconds
[2020-03-27T15:47:04.618+0100][10.086s][info ][safepoint      ] Total time for which application threads were stopped: 0.0000419 seconds, Stopping threads took: 0.0000091 seconds
[2020-03-27T15:47:04.621+0100][10.089s][info ][safepoint      ] Application time: 0.0028599 seconds
[2020-03-27T15:47:04.621+0100][10.089s][info ][safepoint      ] Total time for which application threads were stopped: 0.0000442 seconds, Stopping threads took: 0.0000134 seconds
[2020-03-27T15:47:04.621+0100][10.090s][info ][safepoint      ] Application time: 0.0000928 seconds
[2020-03-27T15:47:04.621+0100][10.090s][info ][safepoint      ] Total time for which application threads were stopped: 0.0000324 seconds, Stopping threads took: 0.0000097 seconds
[2020-03-27T15:47:04.623+0100][10.091s][info ][safepoint      ] Application time: 0.0015362 seconds
[2020-03-27T15:47:04.623+0100][10.091s][info ][safepoint      ] Total time for which application threads were stopped: 0.0000412 seconds, Stopping threads took: 0.0000106 seconds
[2020-03-27T15:47:04.623+0100][10.091s][info ][safepoint      ] Application time: 0.0000990 seconds
[2020-03-27T15:47:04.623+0100][10.091s][info ][safepoint      ] Total time for which application threads were stopped: 0.0000333 seconds, Stopping threads took: 0.0000093 seconds
[2020-03-27T15:47:04.624+0100][10.093s][info ][safepoint      ] Application time: 0.0011983 seconds
[2020-03-27T15:47:04.624+0100][10.093s][info ][safepoint      ] Total time for which application threads were stopped: 0.0000390 seconds, Stopping threads took: 0.0000122 seconds
[2020-03-27T15:47:04.625+0100][10.093s][info ][safepoint      ] Application time: 0.0003555 seconds
[2020-03-27T15:47:04.625+0100][10.093s][info ][safepoint      ] Total time for which application threads were stopped: 0.0000350 seconds, Stopping threads took: 0.0000101 seconds
[2020-03-27T15:47:04.628+0100][10.096s][info ][safepoint      ] Application time: 0.0029930 seconds
[2020-03-27T15:47:04.628+0100][10.096s][info ][safepoint      ] Total time for which application threads were stopped: 0.0001403 seconds, Stopping threads took: 0.0000720 seconds
[2020-03-27T15:47:04.628+0100][10.096s][info ][safepoint      ] Application time: 0.0001615 seconds
[2020-03-27T15:47:04.628+0100][10.096s][info ][safepoint      ] Total time for which application threads were stopped: 0.0000365 seconds, Stopping threads took: 0.0000103 seconds
[2020-03-27T15:47:04.629+0100][10.097s][info ][safepoint      ] Application time: 0.0002816 seconds
[2020-03-27T15:47:04.629+0100][10.097s][info ][safepoint      ] Total time for which application threads were stopped: 0.0000482 seconds, Stopping threads took: 0.0000243 seconds
[2020-03-27T15:47:04.631+0100][10.100s][info ][safepoint      ] Application time: 0.0027341 seconds
[2020-03-27T15:47:04.631+0100][10.100s][info ][safepoint      ] Total time for which application threads were stopped: 0.0000735 seconds, Stopping threads took: 0.0000184 seconds
[2020-03-27T15:47:04.635+0100][10.103s][info ][safepoint      ] Application time: 0.0030570 seconds
[2020-03-27T15:47:04.635+0100][10.103s][info ][safepoint      ] Total time for which application threads were stopped: 0.0001476 seconds, Stopping threads took: 0.0001110 seconds
[2020-03-27T15:47:04.635+0100][10.103s][info ][safepoint      ] Application time: 0.0000986 seconds
[2020-03-27T15:47:04.635+0100][10.103s][info ][safepoint      ] Total time for which application threads were stopped: 0.0000416 seconds, Stopping threads took: 0.0000121 seconds
[2020-03-27T15:47:04.635+0100][10.103s][info ][safepoint      ] Application time: 0.0001206 seconds
[2020-03-27T15:47:04.635+0100][10.103s][info ][safepoint      ] Total time for which application threads were stopped: 0.0000930 seconds, Stopping threads took: 0.0000631 seconds
[2020-03-27T15:47:04.635+0100][10.103s][info ][safepoint      ] Application time: 0.0001056 seconds
[2020-03-27T15:47:04.635+0100][10.104s][info ][safepoint      ] Total time for which application threads were stopped: 0.0000816 seconds, Stopping threads took: 0.0000516 seconds
[2020-03-27T15:47:04.636+0100][10.105s][info ][safepoint      ] Application time: 0.0011073 seconds
[2020-03-27T15:47:04.637+0100][10.105s][info ][safepoint      ] Total time for which application threads were stopped: 0.0001129 seconds, Stopping threads took: 0.0000766 seconds
[2020-03-27T15:47:04.637+0100][10.105s][info ][safepoint      ] Application time: 0.0001782 seconds
[2020-03-27T15:47:04.637+0100][10.105s][info ][safepoint      ] Total time for which application threads were stopped: 0.0000910 seconds, Stopping threads took: 0.0000587 seconds
[2020-03-27T15:47:04.637+0100][10.105s][info ][safepoint      ] Application time: 0.0001727 seconds
[2020-03-27T15:47:04.637+0100][10.105s][info ][safepoint      ] Total time for which application threads were stopped: 0.0000630 seconds, Stopping threads took: 0.0000119 seconds
[2020-03-27T15:47:04.639+0100][10.107s][info ][safepoint      ] Application time: 0.0013826 seconds
[2020-03-27T15:47:04.639+0100][10.107s][info ][safepoint      ] Total time for which application threads were stopped: 0.0000499 seconds, Stopping threads took: 0.0000163 seconds
[2020-03-27T15:47:04.641+0100][10.109s][info ][safepoint      ] Application time: 0.0023049 seconds
[2020-03-27T15:47:04.641+0100][10.109s][info ][safepoint      ] Total time for which application threads were stopped: 0.0000617 seconds, Stopping threads took: 0.0000201 seconds
[2020-03-27T15:47:04.644+0100][10.112s][info ][safepoint      ] Application time: 0.0029486 seconds
[2020-03-27T15:47:04.644+0100][10.113s][info ][safepoint      ] Total time for which application threads were stopped: 0.0003836 seconds, Stopping threads took: 0.0000215 seconds
[2020-03-27T15:47:04.655+0100][10.123s][info ][safepoint      ] Application time: 0.0102983 seconds
[2020-03-27T15:47:04.656+0100][10.124s][info ][safepoint      ] Total time for which application threads were stopped: 0.0008113 seconds, Stopping threads took: 0.0000623 seconds
[2020-03-27T15:47:05.656+0100][11.124s][info ][safepoint      ] Application time: 1.0001158 seconds
[2020-03-27T15:47:05.656+0100][11.124s][info ][safepoint      ] Total time for which application threads were stopped: 0.0002385 seconds, Stopping threads took: 0.0000610 seconds
[2020-03-27T15:47:05.672+0100][11.140s][info ][safepoint      ] Application time: 0.0156592 seconds
[2020-03-27T15:47:05.673+0100][11.140s][info ][safepoint      ] Total time for which application threads were stopped: 0.0001238 seconds, Stopping threads took: 0.0000178 seconds
[2020-03-27T15:47:05.688+0100][11.156s][info ][safepoint      ] Application time: 0.0153454 seconds
[2020-03-27T15:47:05.688+0100][11.156s][info ][safepoint      ] Total time for which application threads were stopped: 0.0000798 seconds, Stopping threads took: 0.0000231 seconds
[2020-03-27T15:47:05.718+0100][11.186s][info ][safepoint      ] Application time: 0.0302563 seconds
[2020-03-27T15:47:05.718+0100][11.186s][info ][safepoint      ] Total time for which application threads were stopped: 0.0000592 seconds, Stopping threads took: 0.0000178 seconds
[2020-03-27T15:47:05.719+0100][11.186s][info ][safepoint      ] Application time: 0.0002846 seconds
[2020-03-27T15:47:05.719+0100][11.186s][info ][safepoint      ] Total time for which application threads were stopped: 0.0000455 seconds, Stopping threads took: 0.0000085 seconds
[2020-03-27T15:47:06.667+0100][12.136s][info ][safepoint      ] Application time: 0.9494014 seconds
[2020-03-27T15:47:06.668+0100][12.136s][info ][safepoint      ] Total time for which application threads were stopped: 0.0001377 seconds, Stopping threads took: 0.0000416 seconds
[2020-03-27T15:47:07.669+0100][13.136s][info ][safepoint      ] Application time: 1.0001582 seconds
[2020-03-27T15:47:07.669+0100][13.137s][info ][safepoint      ] Total time for which application threads were stopped: 0.0003462 seconds, Stopping threads took: 0.0001818 seconds
[2020-03-27T15:47:07.670+0100][13.138s][info ][safepoint      ] Application time: 0.0010391 seconds
[2020-03-27T15:47:07.670+0100][13.138s][info ][safepoint      ] Total time for which application threads were stopped: 0.0001005 seconds, Stopping threads took: 0.0000103 seconds
[2020-03-27T15:47:08.669+0100][14.137s][info ][safepoint      ] Application time: 0.9991508 seconds
[2020-03-27T15:47:08.670+0100][14.137s][info ][safepoint      ] Total time for which application threads were stopped: 0.0001859 seconds, Stopping threads took: 0.0000930 seconds
[2020-03-27T15:47:09.234+0100][14.702s][info ][safepoint      ] Application time: 0.5650410 seconds
[2020-03-27T15:47:09.234+0100][14.703s][info ][gc,start       ] GC(3) Pause Young (G1 Evacuation Pause)
[2020-03-27T15:47:09.234+0100][14.703s][info ][gc,task        ] GC(3) Using 8 workers of 8 for evacuation
[2020-03-27T15:47:09.234+0100][14.703s][debug][gc,age         ] GC(3) Desired survivor size 6815744 bytes, new threshold 1 (max threshold 15)
[2020-03-27T15:47:09.254+0100][14.722s][trace][gc,age         ] GC(3) Age table with threshold 1 (max threshold 15)
[2020-03-27T15:47:09.254+0100][14.722s][trace][gc,age         ] GC(3) - age   1:   13628384 bytes,   13628384 total
[2020-03-27T15:47:09.255+0100][14.723s][info ][gc,phases      ] GC(3)   Pre Evacuate Collection Set: 0.0ms
[2020-03-27T15:47:09.255+0100][14.723s][info ][gc,phases      ] GC(3)   Evacuate Collection Set: 19.1ms
[2020-03-27T15:47:09.255+0100][14.723s][info ][gc,phases      ] GC(3)   Post Evacuate Collection Set: 1.0ms
[2020-03-27T15:47:09.255+0100][14.723s][info ][gc,phases      ] GC(3)   Other: 0.2ms
[2020-03-27T15:47:09.255+0100][14.723s][info ][gc,heap        ] GC(3) Eden regions: 102->0(89)
[2020-03-27T15:47:09.255+0100][14.723s][info ][gc,heap        ] GC(3) Survivor regions: 0->13(13)
[2020-03-27T15:47:09.255+0100][14.723s][info ][gc,heap        ] GC(3) Old regions: 16->26
[2020-03-27T15:47:09.255+0100][14.723s][info ][gc,heap        ] GC(3) Humongous regions: 11->11
[2020-03-27T15:47:09.255+0100][14.723s][info ][gc,metaspace   ] GC(3) Metaspace: 33350K->33350K(1081344K)
[2020-03-27T15:47:09.255+0100][14.723s][info ][gc             ] GC(3) Pause Young (G1 Evacuation Pause) 128M->49M(2048M) 20.503ms
[2020-03-27T15:47:09.255+0100][14.723s][info ][gc,cpu         ] GC(3) User=0.22s Sys=0.02s Real=0.02s
[2020-03-27T15:47:09.255+0100][14.723s][info ][safepoint      ] Total time for which application threads were stopped: 0.0207651 seconds, Stopping threads took: 0.0001184 seconds
[2020-03-27T15:47:09.672+0100][15.140s][info ][safepoint      ] Application time: 0.4172211 seconds
[2020-03-27T15:47:09.672+0100][15.141s][info ][safepoint      ] Total time for which application threads were stopped: 0.0001943 seconds, Stopping threads took: 0.0000896 seconds
[2020-03-27T15:47:10.670+0100][16.139s][info ][safepoint      ] Application time: 0.9980673 seconds
[2020-03-27T15:47:10.671+0100][16.139s][info ][safepoint      ] Total time for which application threads were stopped: 0.0002160 seconds, Stopping threads took: 0.0000611 seconds
[2020-03-27T15:47:11.672+0100][17.139s][info ][safepoint      ] Application time: 1.0002187 seconds
[2020-03-27T15:47:11.672+0100][17.139s][info ][safepoint      ] Total time for which application threads were stopped: 0.0001288 seconds, Stopping threads took: 0.0000781 seconds
[2020-03-27T15:47:11.673+0100][17.140s][info ][safepoint      ] Application time: 0.0007764 seconds
[2020-03-27T15:47:11.673+0100][17.140s][info ][safepoint      ] Total time for which application threads were stopped: 0.0001494 seconds, Stopping threads took: 0.0000700 seconds
[2020-03-27T15:47:12.672+0100][18.141s][info ][safepoint      ] Application time: 1.0003242 seconds
[2020-03-27T15:47:12.672+0100][18.141s][info ][safepoint      ] Total time for which application threads were stopped: 0.0001553 seconds, Stopping threads took: 0.0000538 seconds
[2020-03-27T15:47:13.674+0100][19.141s][info ][safepoint      ] Application time: 1.0003593 seconds
[2020-03-27T15:47:13.674+0100][19.141s][info ][safepoint      ] Total time for which application threads were stopped: 0.0001529 seconds, Stopping threads took: 0.0000931 seconds
[2020-03-27T15:47:13.675+0100][19.143s][info ][safepoint      ] Application time: 0.0014822 seconds
[2020-03-27T15:47:13.675+0100][19.143s][info ][safepoint      ] Total time for which application threads were stopped: 0.0001491 seconds, Stopping threads took: 0.0000507 seconds
[2020-03-27T15:47:14.675+0100][20.143s][info ][safepoint      ] Application time: 0.9996919 seconds
[2020-03-27T15:47:14.675+0100][20.143s][info ][safepoint      ] Total time for which application threads were stopped: 0.0001341 seconds, Stopping threads took: 0.0000785 seconds
[2020-03-27T15:47:14.692+0100][20.161s][info ][safepoint      ] Application time: 0.0175860 seconds
[2020-03-27T15:47:14.693+0100][20.161s][info ][safepoint      ] Total time for which application threads were stopped: 0.0001636 seconds, Stopping threads took: 0.0000654 seconds
[2020-03-27T15:47:15.693+0100][21.161s][info ][safepoint      ] Application time: 0.9996729 seconds
[2020-03-27T15:47:15.693+0100][21.161s][info ][safepoint      ] Total time for which application threads were stopped: 0.0001845 seconds, Stopping threads took: 0.0000795 seconds
[2020-03-27T15:47:15.696+0100][21.163s][info ][safepoint      ] Application time: 0.0026635 seconds
[2020-03-27T15:47:15.696+0100][21.164s][info ][safepoint      ] Total time for which application threads were stopped: 0.0002966 seconds, Stopping threads took: 0.0001756 seconds
[2020-03-27T15:47:16.692+0100][22.161s][info ][safepoint      ] Application time: 0.9968166 seconds
[2020-03-27T15:47:16.692+0100][22.161s][info ][safepoint      ] Total time for which application threads were stopped: 0.0001711 seconds, Stopping threads took: 0.0000567 seconds
[2020-03-27T15:47:17.693+0100][23.160s][info ][safepoint      ] Application time: 0.9994600 seconds
[2020-03-27T15:47:17.693+0100][23.161s][info ][safepoint      ] Total time for which application threads were stopped: 0.0002186 seconds, Stopping threads took: 0.0001536 seconds
[2020-03-27T15:47:17.695+0100][23.163s][info ][safepoint      ] Application time: 0.0019757 seconds
[2020-03-27T15:47:17.695+0100][23.163s][info ][safepoint      ] Total time for which application threads were stopped: 0.0004340 seconds, Stopping threads took: 0.0001366 seconds
[2020-03-27T15:47:18.696+0100][24.163s][info ][safepoint      ] Application time: 1.0000250 seconds
[2020-03-27T15:47:18.696+0100][24.164s][info ][safepoint      ] Total time for which application threads were stopped: 0.0002201 seconds, Stopping threads took: 0.0000975 seconds
[2020-03-27T15:47:18.696+0100][24.164s][info ][safepoint      ] Application time: 0.0002357 seconds
[2020-03-27T15:47:18.696+0100][24.164s][info ][safepoint      ] Total time for which application threads were stopped: 0.0001500 seconds, Stopping threads took: 0.0000760 seconds
[2020-03-27T15:47:18.980+0100][24.449s][info ][safepoint      ] Application time: 0.2843987 seconds
[2020-03-27T15:47:18.981+0100][24.449s][info ][gc,start       ] GC(4) Pause Young (G1 Evacuation Pause)
[2020-03-27T15:47:18.981+0100][24.449s][info ][gc,task        ] GC(4) Using 8 workers of 8 for evacuation
[2020-03-27T15:47:18.981+0100][24.449s][debug][gc,age         ] GC(4) Desired survivor size 6815744 bytes, new threshold 1 (max threshold 15)
[2020-03-27T15:47:19.001+0100][24.469s][trace][gc,age         ] GC(4) Age table with threshold 1 (max threshold 15)
[2020-03-27T15:47:19.001+0100][24.469s][trace][gc,age         ] GC(4) - age   1:   13465176 bytes,   13465176 total
[2020-03-27T15:47:19.001+0100][24.469s][info ][gc,phases      ] GC(4)   Pre Evacuate Collection Set: 0.0ms
[2020-03-27T15:47:19.001+0100][24.469s][info ][gc,phases      ] GC(4)   Evacuate Collection Set: 19.6ms
[2020-03-27T15:47:19.001+0100][24.469s][info ][gc,phases      ] GC(4)   Post Evacuate Collection Set: 0.7ms
[2020-03-27T15:47:19.001+0100][24.469s][info ][gc,phases      ] GC(4)   Other: 0.2ms
[2020-03-27T15:47:19.001+0100][24.469s][info ][gc,heap        ] GC(4) Eden regions: 89->0(89)
[2020-03-27T15:47:19.001+0100][24.469s][info ][gc,heap        ] GC(4) Survivor regions: 13->13(13)
[2020-03-27T15:47:19.001+0100][24.469s][info ][gc,heap        ] GC(4) Old regions: 26->39
[2020-03-27T15:47:19.001+0100][24.469s][info ][gc,heap        ] GC(4) Humongous regions: 13->13
[2020-03-27T15:47:19.001+0100][24.469s][info ][gc,metaspace   ] GC(4) Metaspace: 33513K->33513K(1081344K)
[2020-03-27T15:47:19.001+0100][24.469s][info ][gc             ] GC(4) Pause Young (G1 Evacuation Pause) 140M->64M(2048M) 20.681ms
[2020-03-27T15:47:19.001+0100][24.469s][info ][gc,cpu         ] GC(4) User=0.11s Sys=0.02s Real=0.02s
[2020-03-27T15:47:19.001+0100][24.469s][info ][safepoint      ] Total time for which application threads were stopped: 0.0208999 seconds, Stopping threads took: 0.0000844 seconds
[2020-03-27T15:47:19.697+0100][25.165s][info ][safepoint      ] Application time: 0.6954620 seconds
[2020-03-27T15:47:19.697+0100][25.165s][info ][safepoint      ] Total time for which application threads were stopped: 0.0001969 seconds, Stopping threads took: 0.0000906 seconds
[2020-03-27T15:47:20.706+0100][26.174s][info ][safepoint      ] Application time: 1.0083291 seconds
[2020-03-27T15:47:20.706+0100][26.174s][info ][safepoint      ] Total time for which application threads were stopped: 0.0003299 seconds, Stopping threads took: 0.0001936 seconds
[2020-03-27T15:47:21.698+0100][27.166s][info ][safepoint      ] Application time: 0.9920615 seconds
[2020-03-27T15:47:21.698+0100][27.166s][info ][safepoint      ] Total time for which application threads were stopped: 0.0001854 seconds, Stopping threads took: 0.0000969 seconds
[2020-03-27T15:47:22.698+0100][28.166s][info ][safepoint      ] Application time: 0.9993680 seconds
[2020-03-27T15:47:22.698+0100][28.166s][info ][safepoint      ] Total time for which application threads were stopped: 0.0001625 seconds, Stopping threads took: 0.0000888 seconds
[2020-03-27T15:47:22.698+0100][28.166s][info ][safepoint      ] Application time: 0.0001488 seconds
[2020-03-27T15:47:22.698+0100][28.166s][info ][safepoint      ] Total time for which application threads were stopped: 0.0001935 seconds, Stopping threads took: 0.0001182 seconds
[2020-03-27T15:47:23.697+0100][29.165s][info ][safepoint      ] Application time: 0.9988298 seconds
[2020-03-27T15:47:23.697+0100][29.165s][info ][safepoint      ] Total time for which application threads were stopped: 0.0002063 seconds, Stopping threads took: 0.0001143 seconds
[2020-03-27T15:47:24.698+0100][30.165s][info ][safepoint      ] Application time: 0.9999404 seconds
[2020-03-27T15:47:24.698+0100][30.165s][info ][safepoint      ] Total time for which application threads were stopped: 0.0001961 seconds, Stopping threads took: 0.0001509 seconds
[2020-03-27T15:47:24.699+0100][30.166s][info ][safepoint      ] Application time: 0.0008031 seconds
[2020-03-27T15:47:24.699+0100][30.166s][info ][safepoint      ] Total time for which application threads were stopped: 0.0001602 seconds, Stopping threads took: 0.0000678 seconds
[2020-03-27T15:47:25.697+0100][31.165s][info ][safepoint      ] Application time: 0.9981326 seconds
[2020-03-27T15:47:25.697+0100][31.165s][info ][safepoint      ] Total time for which application threads were stopped: 0.0001834 seconds, Stopping threads took: 0.0000646 seconds
[2020-03-27T15:47:25.698+0100][31.166s][info ][safepoint      ] Application time: 0.0012547 seconds
[2020-03-27T15:47:25.698+0100][31.166s][info ][safepoint      ] Total time for which application threads were stopped: 0.0001069 seconds, Stopping threads took: 0.0000404 seconds
[2020-03-27T15:47:26.698+0100][32.166s][info ][safepoint      ] Application time: 0.9995988 seconds
[2020-03-27T15:47:26.698+0100][32.166s][info ][safepoint      ] Total time for which application threads were stopped: 0.0001744 seconds, Stopping threads took: 0.0001174 seconds
[2020-03-27T15:47:26.699+0100][32.167s][info ][safepoint      ] Application time: 0.0010174 seconds
[2020-03-27T15:47:26.699+0100][32.167s][info ][safepoint      ] Total time for which application threads were stopped: 0.0002164 seconds, Stopping threads took: 0.0001158 seconds
[2020-03-27T15:47:27.231+0100][32.699s][info ][safepoint      ] Application time: 0.5315521 seconds
[2020-03-27T15:47:27.231+0100][32.699s][info ][gc,start       ] GC(5) Pause Young (G1 Evacuation Pause)
[2020-03-27T15:47:27.231+0100][32.699s][info ][gc,task        ] GC(5) Using 8 workers of 8 for evacuation
[2020-03-27T15:47:27.231+0100][32.699s][debug][gc,age         ] GC(5) Desired survivor size 6815744 bytes, new threshold 1 (max threshold 15)
[2020-03-27T15:47:27.247+0100][32.715s][trace][gc,age         ] GC(5) Age table with threshold 1 (max threshold 15)
[2020-03-27T15:47:27.247+0100][32.715s][trace][gc,age         ] GC(5) - age   1:   12135432 bytes,   12135432 total
[2020-03-27T15:47:27.248+0100][32.716s][info ][gc,phases      ] GC(5)   Pre Evacuate Collection Set: 0.0ms
[2020-03-27T15:47:27.248+0100][32.716s][info ][gc,phases      ] GC(5)   Evacuate Collection Set: 15.5ms
[2020-03-27T15:47:27.248+0100][32.716s][info ][gc,phases      ] GC(5)   Post Evacuate Collection Set: 0.7ms
[2020-03-27T15:47:27.248+0100][32.716s][info ][gc,phases      ] GC(5)   Other: 0.2ms
[2020-03-27T15:47:27.248+0100][32.716s][info ][gc,heap        ] GC(5) Eden regions: 89->0(89)
[2020-03-27T15:47:27.248+0100][32.716s][info ][gc,heap        ] GC(5) Survivor regions: 13->13(13)
[2020-03-27T15:47:27.248+0100][32.716s][info ][gc,heap        ] GC(5) Old regions: 39->52
[2020-03-27T15:47:27.248+0100][32.716s][info ][gc,heap        ] GC(5) Humongous regions: 21->21
[2020-03-27T15:47:27.248+0100][32.716s][info ][gc,metaspace   ] GC(5) Metaspace: 33613K->33613K(1081344K)
[2020-03-27T15:47:27.248+0100][32.716s][info ][gc             ] GC(5) Pause Young (G1 Evacuation Pause) 161M->84M(2048M) 16.476ms
[2020-03-27T15:47:27.248+0100][32.716s][info ][gc,cpu         ] GC(5) User=0.13s Sys=0.00s Real=0.02s
[2020-03-27T15:47:27.248+0100][32.716s][info ][safepoint      ] Total time for which application threads were stopped: 0.0166649 seconds, Stopping threads took: 0.0000825 seconds
[2020-03-27T15:47:27.697+0100][33.166s][info ][safepoint      ] Application time: 0.4501519 seconds
[2020-03-27T15:47:27.697+0100][33.166s][info ][safepoint      ] Total time for which application threads were stopped: 0.0001684 seconds, Stopping threads took: 0.0000677 seconds
[2020-03-27T15:47:28.698+0100][34.166s][info ][safepoint      ] Application time: 1.0004346 seconds
[2020-03-27T15:47:28.699+0100][34.167s][info ][safepoint      ] Total time for which application threads were stopped: 0.0001726 seconds, Stopping threads took: 0.0000523 seconds
[2020-03-27T15:47:29.698+0100][35.167s][info ][safepoint      ] Application time: 0.9999888 seconds
[2020-03-27T15:47:29.699+0100][35.167s][info ][safepoint      ] Total time for which application threads were stopped: 0.0001393 seconds, Stopping threads took: 0.0000388 seconds
[2020-03-27T15:47:30.263+0100][35.730s][info ][safepoint      ] Application time: 0.5635849 seconds
[2020-03-27T15:47:30.263+0100][35.731s][info ][safepoint      ] Total time for which application threads were stopped: 0.0002393 seconds, Stopping threads took: 0.0001745 seconds
[2020-03-27T15:47:30.700+0100][36.169s][info ][safepoint      ] Application time: 0.4381221 seconds
[2020-03-27T15:47:30.700+0100][36.169s][info ][safepoint      ] Total time for which application threads were stopped: 0.0001665 seconds, Stopping threads took: 0.0000347 seconds
[2020-03-27T15:47:31.700+0100][37.168s][info ][safepoint      ] Application time: 0.9985887 seconds
[2020-03-27T15:47:31.700+0100][37.168s][info ][safepoint      ] Total time for which application threads were stopped: 0.0001940 seconds, Stopping threads took: 0.0000715 seconds
[2020-03-27T15:47:32.699+0100][38.168s][info ][safepoint      ] Application time: 0.9996632 seconds
[2020-03-27T15:47:32.700+0100][38.168s][info ][safepoint      ] Total time for which application threads were stopped: 0.0002645 seconds, Stopping threads took: 0.0001268 seconds
[2020-03-27T15:47:33.699+0100][39.168s][info ][safepoint      ] Application time: 0.9999571 seconds
[2020-03-27T15:47:33.699+0100][39.168s][info ][safepoint      ] Total time for which application threads were stopped: 0.0001190 seconds, Stopping threads took: 0.0000315 seconds
[2020-03-27T15:47:34.632+0100][40.100s][info ][safepoint      ] Application time: 0.9323121 seconds
[2020-03-27T15:47:34.632+0100][40.101s][info ][safepoint      ] Total time for which application threads were stopped: 0.0001779 seconds, Stopping threads took: 0.0001193 seconds
[2020-03-27T15:47:34.633+0100][40.101s][info ][safepoint      ] Application time: 0.0000895 seconds
[2020-03-27T15:47:34.633+0100][40.101s][info ][safepoint      ] Total time for which application threads were stopped: 0.0001126 seconds, Stopping threads took: 0.0000723 seconds
[2020-03-27T15:47:34.633+0100][40.101s][info ][safepoint      ] Application time: 0.0001081 seconds
[2020-03-27T15:47:34.633+0100][40.101s][info ][safepoint      ] Total time for which application threads were stopped: 0.0001246 seconds, Stopping threads took: 0.0000840 seconds
[2020-03-27T15:47:34.633+0100][40.101s][info ][safepoint      ] Application time: 0.0000957 seconds
[2020-03-27T15:47:34.633+0100][40.101s][info ][safepoint      ] Total time for which application threads were stopped: 0.0000895 seconds, Stopping threads took: 0.0000462 seconds
[2020-03-27T15:47:34.633+0100][40.101s][info ][safepoint      ] Application time: 0.0000949 seconds
[2020-03-27T15:47:34.633+0100][40.102s][info ][safepoint      ] Total time for which application threads were stopped: 0.0000675 seconds, Stopping threads took: 0.0000315 seconds
[2020-03-27T15:47:34.702+0100][40.170s][info ][safepoint      ] Application time: 0.0685621 seconds
[2020-03-27T15:47:34.703+0100][40.171s][info ][safepoint      ] Total time for which application threads were stopped: 0.0004620 seconds, Stopping threads took: 0.0000953 seconds
[2020-03-27T15:47:35.704+0100][41.171s][info ][safepoint      ] Application time: 1.0007336 seconds
[2020-03-27T15:47:35.704+0100][41.172s][info ][safepoint      ] Total time for which application threads were stopped: 0.0001299 seconds, Stopping threads took: 0.0000651 seconds
[2020-03-27T15:47:35.705+0100][41.173s][info ][safepoint      ] Application time: 0.0009691 seconds
[2020-03-27T15:47:35.705+0100][41.173s][info ][safepoint      ] Total time for which application threads were stopped: 0.0001618 seconds, Stopping threads took: 0.0000554 seconds
[2020-03-27T15:47:35.706+0100][41.174s][info ][safepoint      ] Application time: 0.0015069 seconds
[2020-03-27T15:47:35.707+0100][41.174s][info ][safepoint      ] Total time for which application threads were stopped: 0.0001778 seconds, Stopping threads took: 0.0001149 seconds
[2020-03-27T15:47:35.730+0100][41.198s][info ][safepoint      ] Application time: 0.0236401 seconds
[2020-03-27T15:47:35.731+0100][41.198s][info ][gc,start       ] GC(6) Pause Young (G1 Evacuation Pause)
[2020-03-27T15:47:35.731+0100][41.198s][info ][gc,task        ] GC(6) Using 8 workers of 8 for evacuation
[2020-03-27T15:47:35.731+0100][41.198s][debug][gc,age         ] GC(6) Desired survivor size 6815744 bytes, new threshold 1 (max threshold 15)
[2020-03-27T15:47:35.749+0100][41.218s][trace][gc,age         ] GC(6) Age table with threshold 1 (max threshold 15)
[2020-03-27T15:47:35.749+0100][41.218s][trace][gc,age         ] GC(6) - age   1:   10228992 bytes,   10228992 total
[2020-03-27T15:47:35.750+0100][41.218s][info ][gc,phases      ] GC(6)   Pre Evacuate Collection Set: 0.0ms
[2020-03-27T15:47:35.750+0100][41.218s][info ][gc,phases      ] GC(6)   Evacuate Collection Set: 18.9ms
[2020-03-27T15:47:35.750+0100][41.218s][info ][gc,phases      ] GC(6)   Post Evacuate Collection Set: 0.8ms
[2020-03-27T15:47:35.750+0100][41.218s][info ][gc,phases      ] GC(6)   Other: 0.2ms
[2020-03-27T15:47:35.750+0100][41.218s][info ][gc,heap        ] GC(6) Eden regions: 89->0(91)
[2020-03-27T15:47:35.750+0100][41.218s][info ][gc,heap        ] GC(6) Survivor regions: 13->11(13)
[2020-03-27T15:47:35.750+0100][41.218s][info ][gc,heap        ] GC(6) Old regions: 52->64
[2020-03-27T15:47:35.750+0100][41.218s][info ][gc,heap        ] GC(6) Humongous regions: 25->25
[2020-03-27T15:47:35.750+0100][41.218s][info ][gc,metaspace   ] GC(6) Metaspace: 33682K->33682K(1081344K)
[2020-03-27T15:47:35.750+0100][41.218s][info ][gc             ] GC(6) Pause Young (G1 Evacuation Pause) 177M->99M(2048M) 19.974ms
[2020-03-27T15:47:35.750+0100][41.218s][info ][gc,cpu         ] GC(6) User=0.11s Sys=0.02s Real=0.02s
[2020-03-27T15:47:35.750+0100][41.218s][info ][safepoint      ] Total time for which application threads were stopped: 0.0203151 seconds, Stopping threads took: 0.0002233 seconds
[2020-03-27T15:47:36.703+0100][42.171s][info ][safepoint      ] Application time: 0.9523474 seconds
[2020-03-27T15:47:36.703+0100][42.171s][info ][safepoint      ] Total time for which application threads were stopped: 0.0002447 seconds, Stopping threads took: 0.0001397 seconds
[2020-03-27T15:47:37.702+0100][43.171s][info ][safepoint      ] Application time: 0.9996629 seconds
[2020-03-27T15:47:37.703+0100][43.171s][info ][safepoint      ] Total time for which application threads were stopped: 0.0002680 seconds, Stopping threads took: 0.0001413 seconds
[2020-03-27T15:47:38.703+0100][44.171s][info ][safepoint      ] Application time: 0.9993894 seconds
[2020-03-27T15:47:38.703+0100][44.171s][info ][safepoint      ] Total time for which application threads were stopped: 0.0002186 seconds, Stopping threads took: 0.0001139 seconds
[2020-03-27T15:47:39.703+0100][45.171s][info ][safepoint      ] Application time: 0.9999099 seconds
[2020-03-27T15:47:39.703+0100][45.171s][info ][safepoint      ] Total time for which application threads were stopped: 0.0002500 seconds, Stopping threads took: 0.0001824 seconds
[2020-03-27T15:47:39.705+0100][45.173s][info ][safepoint      ] Application time: 0.0022978 seconds
[2020-03-27T15:47:39.705+0100][45.173s][info ][safepoint      ] Total time for which application threads were stopped: 0.0001402 seconds, Stopping threads took: 0.0000449 seconds
[2020-03-27T15:47:40.704+0100][46.172s][info ][safepoint      ] Application time: 0.9989776 seconds
[2020-03-27T15:47:40.704+0100][46.173s][info ][safepoint      ] Total time for which application threads were stopped: 0.0002541 seconds, Stopping threads took: 0.0001142 seconds
[2020-03-27T15:47:41.706+0100][47.174s][info ][safepoint      ] Application time: 1.0010400 seconds
[2020-03-27T15:47:41.706+0100][47.174s][info ][safepoint      ] Total time for which application threads were stopped: 0.0002135 seconds, Stopping threads took: 0.0001089 seconds
[2020-03-27T15:47:42.707+0100][48.175s][info ][safepoint      ] Application time: 1.0012685 seconds
[2020-03-27T15:47:42.708+0100][48.176s][info ][safepoint      ] Total time for which application threads were stopped: 0.0002790 seconds, Stopping threads took: 0.0001708 seconds
[2020-03-27T15:47:43.708+0100][49.176s][info ][safepoint      ] Application time: 1.0005258 seconds
[2020-03-27T15:47:43.708+0100][49.176s][info ][safepoint      ] Total time for which application threads were stopped: 0.0002001 seconds, Stopping threads took: 0.0001077 seconds
[2020-03-27T15:47:44.709+0100][50.178s][info ][safepoint      ] Application time: 1.0011587 seconds
[2020-03-27T15:47:44.709+0100][50.178s][info ][safepoint      ] Total time for which application threads were stopped: 0.0001450 seconds, Stopping threads took: 0.0000548 seconds
[2020-03-27T15:47:44.982+0100][50.450s][info ][safepoint      ] Application time: 0.2717388 seconds
[2020-03-27T15:47:44.982+0100][50.450s][info ][gc,start       ] GC(7) Pause Young (G1 Evacuation Pause)
[2020-03-27T15:47:44.982+0100][50.450s][info ][gc,task        ] GC(7) Using 8 workers of 8 for evacuation
[2020-03-27T15:47:44.982+0100][50.450s][debug][gc,age         ] GC(7) Desired survivor size 6815744 bytes, new threshold 1 (max threshold 15)
[2020-03-27T15:47:44.996+0100][50.464s][trace][gc,age         ] GC(7) Age table with threshold 1 (max threshold 15)
[2020-03-27T15:47:44.996+0100][50.464s][trace][gc,age         ] GC(7) - age   1:    8964648 bytes,    8964648 total
[2020-03-27T15:47:44.997+0100][50.464s][info ][gc,phases      ] GC(7)   Pre Evacuate Collection Set: 0.0ms
[2020-03-27T15:47:44.997+0100][50.465s][info ][gc,phases      ] GC(7)   Evacuate Collection Set: 13.9ms
[2020-03-27T15:47:44.997+0100][50.465s][info ][gc,phases      ] GC(7)   Post Evacuate Collection Set: 0.6ms
[2020-03-27T15:47:44.997+0100][50.465s][info ][gc,phases      ] GC(7)   Other: 0.2ms
[2020-03-27T15:47:44.997+0100][50.465s][info ][gc,heap        ] GC(7) Eden regions: 91->0(118)
[2020-03-27T15:47:44.997+0100][50.465s][info ][gc,heap        ] GC(7) Survivor regions: 11->10(13)
[2020-03-27T15:47:44.997+0100][50.465s][info ][gc,heap        ] GC(7) Old regions: 64->74
[2020-03-27T15:47:44.997+0100][50.465s][info ][gc,heap        ] GC(7) Humongous regions: 25->25
[2020-03-27T15:47:44.997+0100][50.465s][info ][gc,metaspace   ] GC(7) Metaspace: 33751K->33751K(1081344K)
[2020-03-27T15:47:44.997+0100][50.465s][info ][gc             ] GC(7) Pause Young (G1 Evacuation Pause) 190M->107M(2048M) 14.907ms
[2020-03-27T15:47:44.997+0100][50.465s][info ][gc,cpu         ] GC(7) User=0.13s Sys=0.00s Real=0.01s
[2020-03-27T15:47:44.997+0100][50.465s][info ][safepoint      ] Total time for which application threads were stopped: 0.0150791 seconds, Stopping threads took: 0.0000640 seconds
[2020-03-27T15:47:45.711+0100][51.179s][info ][safepoint      ] Application time: 0.7144440 seconds
[2020-03-27T15:47:45.711+0100][51.179s][info ][safepoint      ] Total time for which application threads were stopped: 0.0002992 seconds, Stopping threads took: 0.0001948 seconds
[2020-03-27T15:47:45.713+0100][51.181s][info ][safepoint      ] Application time: 0.0016463 seconds
[2020-03-27T15:47:45.713+0100][51.181s][info ][safepoint      ] Total time for which application threads were stopped: 0.0001233 seconds, Stopping threads took: 0.0000793 seconds
[2020-03-27T15:47:46.712+0100][52.180s][info ][safepoint      ] Application time: 0.9991336 seconds
[2020-03-27T15:47:46.712+0100][52.181s][info ][safepoint      ] Total time for which application threads were stopped: 0.0002670 seconds, Stopping threads took: 0.0001611 seconds
[2020-03-27T15:47:47.713+0100][53.182s][info ][safepoint      ] Application time: 1.0009637 seconds
[2020-03-27T15:47:47.713+0100][53.182s][info ][safepoint      ] Total time for which application threads were stopped: 0.0002139 seconds, Stopping threads took: 0.0001119 seconds
[2020-03-27T15:47:48.714+0100][54.182s][info ][safepoint      ] Application time: 0.9996241 seconds
[2020-03-27T15:47:48.714+0100][54.182s][info ][safepoint      ] Total time for which application threads were stopped: 0.0002156 seconds, Stopping threads took: 0.0001464 seconds
[2020-03-27T15:47:48.715+0100][54.183s][info ][safepoint      ] Application time: 0.0011979 seconds
[2020-03-27T15:47:48.715+0100][54.183s][info ][safepoint      ] Total time for which application threads were stopped: 0.0001998 seconds, Stopping threads took: 0.0001039 seconds
[2020-03-27T15:47:49.716+0100][55.184s][info ][safepoint      ] Application time: 1.0005822 seconds
[2020-03-27T15:47:49.716+0100][55.184s][info ][safepoint      ] Total time for which application threads were stopped: 0.0001307 seconds, Stopping threads took: 0.0000400 seconds
[2020-03-27T15:47:50.716+0100][56.184s][info ][safepoint      ] Application time: 0.9998157 seconds
[2020-03-27T15:47:50.716+0100][56.184s][info ][safepoint      ] Total time for which application threads were stopped: 0.0002850 seconds, Stopping threads took: 0.0002205 seconds
[2020-03-27T15:47:50.717+0100][56.186s][info ][safepoint      ] Application time: 0.0012968 seconds
[2020-03-27T15:47:50.717+0100][56.186s][info ][safepoint      ] Total time for which application threads were stopped: 0.0002250 seconds, Stopping threads took: 0.0001290 seconds
[2020-03-27T15:47:51.717+0100][57.185s][info ][safepoint      ] Application time: 0.9994213 seconds
[2020-03-27T15:47:51.717+0100][57.186s][info ][safepoint      ] Total time for which application threads were stopped: 0.0002978 seconds, Stopping threads took: 0.0002301 seconds
[2020-03-27T15:47:51.718+0100][57.187s][info ][safepoint      ] Application time: 0.0012815 seconds
[2020-03-27T15:47:51.718+0100][57.187s][info ][safepoint      ] Total time for which application threads were stopped: 0.0002436 seconds, Stopping threads took: 0.0001414 seconds
[2020-03-27T15:47:52.720+0100][58.188s][info ][safepoint      ] Application time: 1.0008883 seconds
[2020-03-27T15:47:52.720+0100][58.188s][info ][safepoint      ] Total time for which application threads were stopped: 0.0002287 seconds, Stopping threads took: 0.0001339 seconds
[2020-03-27T15:47:53.720+0100][59.188s][info ][safepoint      ] Application time: 0.9995609 seconds
[2020-03-27T15:47:53.720+0100][59.188s][info ][safepoint      ] Total time for which application threads were stopped: 0.0001488 seconds, Stopping threads took: 0.0000469 seconds
[2020-03-27T15:47:53.721+0100][59.189s][info ][safepoint      ] Application time: 0.0012583 seconds
[2020-03-27T15:47:53.721+0100][59.190s][info ][safepoint      ] Total time for which application threads were stopped: 0.0002020 seconds, Stopping threads took: 0.0001072 seconds
[2020-03-27T15:47:54.721+0100][60.189s][info ][safepoint      ] Application time: 0.9996138 seconds
[2020-03-27T15:47:54.721+0100][60.189s][info ][safepoint      ] Total time for which application threads were stopped: 0.0001368 seconds, Stopping threads took: 0.0000497 seconds
[2020-03-27T15:47:54.722+0100][60.191s][info ][safepoint      ] Application time: 0.0013346 seconds
[2020-03-27T15:47:54.722+0100][60.191s][info ][safepoint      ] Total time for which application threads were stopped: 0.0001686 seconds, Stopping threads took: 0.0000727 seconds
[2020-03-27T15:47:55.479+0100][60.947s][info ][safepoint      ] Application time: 0.7564545 seconds
[2020-03-27T15:47:55.479+0100][60.948s][info ][gc,start       ] GC(8) Pause Young (G1 Evacuation Pause)
[2020-03-27T15:47:55.479+0100][60.948s][info ][gc,task        ] GC(8) Using 8 workers of 8 for evacuation
[2020-03-27T15:47:55.479+0100][60.948s][debug][gc,age         ] GC(8) Desired survivor size 7340032 bytes, new threshold 1 (max threshold 15)
[2020-03-27T15:47:55.492+0100][60.960s][trace][gc,age         ] GC(8) Age table with threshold 1 (max threshold 15)
[2020-03-27T15:47:55.492+0100][60.960s][trace][gc,age         ] GC(8) - age   1:    8695624 bytes,    8695624 total
[2020-03-27T15:47:55.492+0100][60.961s][info ][gc,phases      ] GC(8)   Pre Evacuate Collection Set: 0.0ms
[2020-03-27T15:47:55.492+0100][60.961s][info ][gc,phases      ] GC(8)   Evacuate Collection Set: 12.4ms
[2020-03-27T15:47:55.492+0100][60.961s][info ][gc,phases      ] GC(8)   Post Evacuate Collection Set: 0.6ms
[2020-03-27T15:47:55.492+0100][60.961s][info ][gc,phases      ] GC(8)   Other: 0.2ms
[2020-03-27T15:47:55.492+0100][60.961s][info ][gc,heap        ] GC(8) Eden regions: 100->0(166)
[2020-03-27T15:47:55.492+0100][60.961s][info ][gc,heap        ] GC(8) Survivor regions: 10->10(14)
[2020-03-27T15:47:55.492+0100][60.961s][info ][gc,heap        ] GC(8) Old regions: 74->83
[2020-03-27T15:47:55.492+0100][60.961s][info ][gc,heap        ] GC(8) Humongous regions: 25->25
[2020-03-27T15:47:55.492+0100][60.961s][info ][gc,metaspace   ] GC(8) Metaspace: 33794K->33794K(1081344K)
[2020-03-27T15:47:55.492+0100][60.961s][info ][gc             ] GC(8) Pause Young (G1 Evacuation Pause) 207M->116M(2048M) 13.265ms
[2020-03-27T15:47:55.492+0100][60.961s][info ][gc,cpu         ] GC(8) User=0.13s Sys=0.00s Real=0.01s
[2020-03-27T15:47:55.492+0100][60.961s][info ][safepoint      ] Total time for which application threads were stopped: 0.0134754 seconds, Stopping threads took: 0.0001008 seconds
[2020-03-27T15:47:55.724+0100][61.192s][info ][safepoint      ] Application time: 0.2310423 seconds
[2020-03-27T15:47:55.724+0100][61.192s][info ][safepoint      ] Total time for which application threads were stopped: 0.0002313 seconds, Stopping threads took: 0.0000685 seconds
[2020-03-27T15:47:55.725+0100][61.193s][info ][safepoint      ] Application time: 0.0010843 seconds
[2020-03-27T15:47:55.725+0100][61.193s][info ][safepoint      ] Total time for which application threads were stopped: 0.0001021 seconds, Stopping threads took: 0.0000494 seconds
[2020-03-27T15:47:56.725+0100][62.193s][info ][safepoint      ] Application time: 0.9997385 seconds
[2020-03-27T15:47:56.725+0100][62.193s][info ][safepoint      ] Total time for which application threads were stopped: 0.0002045 seconds, Stopping threads took: 0.0000980 seconds
[2020-03-27T15:47:57.153+0100][62.621s][info ][safepoint      ] Application time: 0.4274647 seconds
[2020-03-27T15:47:57.153+0100][62.621s][info ][gc,start       ] GC(9) Pause Full (System.gc())
[2020-03-27T15:47:57.153+0100][62.622s][info ][gc,phases,start] GC(9) Phase 1: Mark live objects
[2020-03-27T15:47:57.208+0100][62.676s][info ][gc,stringtable ] GC(9) Cleaned string and symbol table, strings: 17125 processed, 37 removed, symbols: 103500 processed, 3 removed
[2020-03-27T15:47:57.208+0100][62.676s][info ][gc,phases      ] GC(9) Phase 1: Mark live objects 54.842ms
[2020-03-27T15:47:57.208+0100][62.676s][info ][gc,phases,start] GC(9) Phase 2: Compute new object addresses
[2020-03-27T15:47:57.245+0100][62.714s][info ][gc,phases      ] GC(9) Phase 2: Compute new object addresses 37.486ms
[2020-03-27T15:47:57.245+0100][62.714s][info ][gc,phases,start] GC(9) Phase 3: Adjust pointers
[2020-03-27T15:47:57.284+0100][62.753s][info ][gc,phases      ] GC(9) Phase 3: Adjust pointers 38.573ms
[2020-03-27T15:47:57.284+0100][62.753s][info ][gc,phases,start] GC(9) Phase 4: Move objects
[2020-03-27T15:47:57.318+0100][62.786s][info ][gc,phases      ] GC(9) Phase 4: Move objects 33.731ms
[2020-03-27T15:47:57.321+0100][62.790s][info ][gc,task        ] GC(9) Using 8 workers of 8 to rebuild remembered set
[2020-03-27T15:47:57.333+0100][62.802s][info ][gc,heap        ] GC(9) Eden regions: 19->0(184)
[2020-03-27T15:47:57.333+0100][62.802s][info ][gc,heap        ] GC(9) Survivor regions: 10->0(14)
[2020-03-27T15:47:57.333+0100][62.802s][info ][gc,heap        ] GC(9) Old regions: 83->83
[2020-03-27T15:47:57.333+0100][62.802s][info ][gc,heap        ] GC(9) Humongous regions: 25->12
[2020-03-27T15:47:57.333+0100][62.802s][info ][gc,metaspace   ] GC(9) Metaspace: 33805K->33805K(1081344K)
[2020-03-27T15:47:57.333+0100][62.802s][info ][gc             ] GC(9) Pause Full (System.gc()) 134M->93M(2048M) 180.751ms
[2020-03-27T15:47:57.333+0100][62.802s][info ][gc,cpu         ] GC(9) User=0.28s Sys=0.00s Real=0.18s
[2020-03-27T15:47:57.333+0100][62.802s][info ][safepoint      ] Total time for which application threads were stopped: 0.1809311 seconds, Stopping threads took: 0.0000623 seconds
[2020-03-27T15:47:57.726+0100][63.194s][info ][safepoint      ] Application time: 0.3923990 seconds
[2020-03-27T15:47:57.726+0100][63.194s][info ][safepoint      ] Total time for which application threads were stopped: 0.0001436 seconds, Stopping threads took: 0.0000375 seconds
[2020-03-27T15:47:58.726+0100][64.194s][info ][safepoint      ] Application time: 0.9997868 seconds
[2020-03-27T15:47:58.726+0100][64.195s][info ][safepoint      ] Total time for which application threads were stopped: 0.0002058 seconds, Stopping threads took: 0.0001193 seconds
[2020-03-27T15:47:58.727+0100][64.196s][info ][safepoint      ] Application time: 0.0012748 seconds
[2020-03-27T15:47:58.728+0100][64.196s][info ][safepoint      ] Total time for which application threads were stopped: 0.0003870 seconds, Stopping threads took: 0.0001287 seconds
