[2020-04-03T10:07:00.436+0200][0.028s][info][gc] Using Concurrent Mark Sweep
[2020-04-03T10:07:00.436+0200][0.028s][info][gc,heap,coops] Heap address: 0x00000005c0000000, size: 8192 MB, Compressed Oops mode: Zero based, Oop shift amount: 3
[2020-04-03T10:07:00.532+0200][0.124s][info][safepoint    ] Total time for which application threads were stopped: 0.0000581 seconds, Stopping threads took: 0.0000110 seconds
[2020-04-03T10:07:00.540+0200][0.132s][info][safepoint    ] Application time: 0.0050071 seconds
[2020-04-03T10:07:00.540+0200][0.132s][info][safepoint    ] Total time for which application threads were stopped: 0.0000366 seconds, Stopping threads took: 0.0000091 seconds
[2020-04-03T10:07:00.594+0200][0.186s][info][safepoint    ] Application time: 0.0520483 seconds
[2020-04-03T10:07:00.594+0200][0.186s][info][safepoint    ] Total time for which application threads were stopped: 0.0000525 seconds, Stopping threads took: 0.0000132 seconds
[2020-04-03T10:07:00.602+0200][0.194s][info][safepoint    ] Application time: 0.0085646 seconds
[2020-04-03T10:07:00.602+0200][0.194s][info][safepoint    ] Total time for which application threads were stopped: 0.0000531 seconds, Stopping threads took: 0.0000152 seconds
[2020-04-03T10:07:00.649+0200][0.241s][info][safepoint    ] Application time: 0.0463272 seconds
[2020-04-03T10:07:00.649+0200][0.241s][info][safepoint    ] Total time for which application threads were stopped: 0.0001052 seconds, Stopping threads took: 0.0000156 seconds
[2020-04-03T10:07:00.979+0200][0.571s][info][safepoint    ] Application time: 0.3300043 seconds
[2020-04-03T10:07:00.979+0200][0.571s][info][safepoint    ] Total time for which application threads were stopped: 0.0001013 seconds, Stopping threads took: 0.0000130 seconds
[2020-04-03T10:07:01.070+0200][0.662s][info][safepoint    ] Application time: 0.0912596 seconds
[2020-04-03T10:07:01.070+0200][0.663s][info][safepoint    ] Total time for which application threads were stopped: 0.0001651 seconds, Stopping threads took: 0.0000131 seconds
[2020-04-03T10:07:01.205+0200][0.798s][info][safepoint    ] Application time: 0.1352290 seconds
[2020-04-03T10:07:01.206+0200][0.798s][info][safepoint    ] Total time for which application threads were stopped: 0.0001939 seconds, Stopping threads took: 0.0000133 seconds
[2020-04-03T10:07:01.230+0200][0.823s][info][safepoint    ] Application time: 0.0246496 seconds
[2020-04-03T10:07:01.231+0200][0.823s][info][safepoint    ] Total time for which application threads were stopped: 0.0001380 seconds, Stopping threads took: 0.0000095 seconds
[2020-04-03T10:07:01.302+0200][0.895s][info][safepoint    ] Application time: 0.0717321 seconds
[2020-04-03T10:07:01.303+0200][0.895s][info][safepoint    ] Total time for which application threads were stopped: 0.0000764 seconds, Stopping threads took: 0.0000144 seconds
[2020-04-03T10:07:01.329+0200][0.921s][info][safepoint    ] Application time: 0.0259281 seconds
[2020-04-03T10:07:01.329+0200][0.921s][info][safepoint    ] Total time for which application threads were stopped: 0.0000471 seconds, Stopping threads took: 0.0000113 seconds
[2020-04-03T10:07:01.329+0200][0.921s][info][safepoint    ] Application time: 0.0000811 seconds
[2020-04-03T10:07:01.329+0200][0.921s][info][safepoint    ] Total time for which application threads were stopped: 0.0000616 seconds, Stopping threads took: 0.0000516 seconds
[2020-04-03T10:07:01.334+0200][0.926s][info][safepoint    ] Application time: 0.0054043 seconds
[2020-04-03T10:07:01.334+0200][0.926s][info][safepoint    ] Total time for which application threads were stopped: 0.0000354 seconds, Stopping threads took: 0.0000074 seconds
[2020-04-03T10:07:01.344+0200][0.936s][info][safepoint    ] Application time: 0.0099793 seconds
[2020-04-03T10:07:01.344+0200][0.936s][info][safepoint    ] Total time for which application threads were stopped: 0.0000469 seconds, Stopping threads took: 0.0000121 seconds
[2020-04-03T10:07:01.355+0200][0.947s][info][safepoint    ] Application time: 0.0104156 seconds
[2020-04-03T10:07:01.355+0200][0.947s][info][safepoint    ] Total time for which application threads were stopped: 0.0000442 seconds, Stopping threads took: 0.0000090 seconds
[2020-04-03T10:07:01.355+0200][0.947s][info][safepoint    ] Application time: 0.0002249 seconds
[2020-04-03T10:07:01.355+0200][0.947s][info][safepoint    ] Total time for which application threads were stopped: 0.0001217 seconds, Stopping threads took: 0.0000068 seconds
[2020-04-03T10:07:01.373+0200][0.965s][info][safepoint    ] Application time: 0.0178814 seconds
[2020-04-03T10:07:01.373+0200][0.965s][info][safepoint    ] Total time for which application threads were stopped: 0.0000484 seconds, Stopping threads took: 0.0000124 seconds
[2020-04-03T10:07:01.377+0200][0.969s][info][safepoint    ] Application time: 0.0031899 seconds
[2020-04-03T10:07:01.377+0200][0.969s][info][safepoint    ] Total time for which application threads were stopped: 0.0001300 seconds, Stopping threads took: 0.0000104 seconds
[2020-04-03T10:07:01.385+0200][0.977s][info][safepoint    ] Application time: 0.0081225 seconds
[2020-04-03T10:07:01.385+0200][0.977s][info][safepoint    ] Total time for which application threads were stopped: 0.0000504 seconds, Stopping threads took: 0.0000088 seconds
[2020-04-03T10:07:01.401+0200][0.993s][info][safepoint    ] Application time: 0.0157329 seconds
[2020-04-03T10:07:01.401+0200][0.993s][info][safepoint    ] Total time for which application threads were stopped: 0.0000430 seconds, Stopping threads took: 0.0000114 seconds
[2020-04-03T10:07:01.419+0200][1.011s][info][safepoint    ] Application time: 0.0185465 seconds
[2020-04-03T10:07:01.419+0200][1.011s][info][safepoint    ] Total time for which application threads were stopped: 0.0001430 seconds, Stopping threads took: 0.0000110 seconds
[2020-04-03T10:07:01.428+0200][1.021s][info][safepoint    ] Application time: 0.0098463 seconds
[2020-04-03T10:07:01.429+0200][1.021s][info][safepoint    ] Total time for which application threads were stopped: 0.0000534 seconds, Stopping threads took: 0.0000104 seconds
[2020-04-03T10:07:01.439+0200][1.032s][info][safepoint    ] Application time: 0.0109295 seconds
[2020-04-03T10:07:01.440+0200][1.032s][info][safepoint    ] Total time for which application threads were stopped: 0.0000694 seconds, Stopping threads took: 0.0000108 seconds
[2020-04-03T10:07:01.456+0200][1.049s][info][safepoint    ] Application time: 0.0162307 seconds
[2020-04-03T10:07:01.456+0200][1.049s][info][safepoint    ] Total time for which application threads were stopped: 0.0000601 seconds, Stopping threads took: 0.0000125 seconds
[2020-04-03T10:07:01.467+0200][1.060s][info][safepoint    ] Application time: 0.0111116 seconds
[2020-04-03T10:07:01.467+0200][1.060s][info][safepoint    ] Total time for which application threads were stopped: 0.0000440 seconds, Stopping threads took: 0.0000106 seconds
[2020-04-03T10:07:01.478+0200][1.070s][info][safepoint    ] Application time: 0.0103307 seconds
[2020-04-03T10:07:01.478+0200][1.070s][info][safepoint    ] Total time for which application threads were stopped: 0.0000482 seconds, Stopping threads took: 0.0000113 seconds
[2020-04-03T10:07:01.478+0200][1.070s][info][safepoint    ] Application time: 0.0000828 seconds
[2020-04-03T10:07:01.478+0200][1.071s][info][safepoint    ] Total time for which application threads were stopped: 0.0002582 seconds, Stopping threads took: 0.0002418 seconds
[2020-04-03T10:07:01.528+0200][1.120s][info][safepoint    ] Application time: 0.0494666 seconds
[2020-04-03T10:07:01.528+0200][1.120s][info][safepoint    ] Total time for which application threads were stopped: 0.0001593 seconds, Stopping threads took: 0.0000125 seconds
[2020-04-03T10:07:01.539+0200][1.132s][info][safepoint    ] Application time: 0.0113167 seconds
[2020-04-03T10:07:01.539+0200][1.132s][info][safepoint    ] Total time for which application threads were stopped: 0.0000561 seconds, Stopping threads took: 0.0000156 seconds
[2020-04-03T10:07:01.544+0200][1.136s][info][safepoint    ] Application time: 0.0043172 seconds
[2020-04-03T10:07:01.544+0200][1.136s][info][safepoint    ] Total time for which application threads were stopped: 0.0001585 seconds, Stopping threads took: 0.0000154 seconds
[2020-04-03T10:07:01.546+0200][1.139s][info][safepoint    ] Application time: 0.0025517 seconds
[2020-04-03T10:07:01.546+0200][1.139s][info][safepoint    ] Total time for which application threads were stopped: 0.0000501 seconds, Stopping threads took: 0.0000108 seconds
[2020-04-03T10:07:01.556+0200][1.149s][info][safepoint    ] Application time: 0.0100102 seconds
[2020-04-03T10:07:01.557+0200][1.149s][info][safepoint    ] Total time for which application threads were stopped: 0.0001533 seconds, Stopping threads took: 0.0000242 seconds
[2020-04-03T10:07:01.573+0200][1.165s][info][safepoint    ] Application time: 0.0157990 seconds
[2020-04-03T10:07:01.573+0200][1.165s][info][safepoint    ] Total time for which application threads were stopped: 0.0000725 seconds, Stopping threads took: 0.0000168 seconds
[2020-04-03T10:07:01.577+0200][1.169s][info][safepoint    ] Application time: 0.0038664 seconds
[2020-04-03T10:07:01.577+0200][1.169s][info][safepoint    ] Total time for which application threads were stopped: 0.0001992 seconds, Stopping threads took: 0.0000122 seconds
[2020-04-03T10:07:01.582+0200][1.175s][info][safepoint    ] Application time: 0.0055189 seconds
[2020-04-03T10:07:01.582+0200][1.175s][info][safepoint    ] Total time for which application threads were stopped: 0.0000577 seconds, Stopping threads took: 0.0000160 seconds
[2020-04-03T10:07:01.598+0200][1.190s][info][safepoint    ] Application time: 0.0156586 seconds
[2020-04-03T10:07:01.598+0200][1.191s][info][safepoint    ] Total time for which application threads were stopped: 0.0000798 seconds, Stopping threads took: 0.0000181 seconds
[2020-04-03T10:07:01.613+0200][1.206s][info][safepoint    ] Application time: 0.0152589 seconds
[2020-04-03T10:07:01.614+0200][1.206s][info][safepoint    ] Total time for which application threads were stopped: 0.0000941 seconds, Stopping threads took: 0.0000281 seconds
[2020-04-03T10:07:01.624+0200][1.216s][info][safepoint    ] Application time: 0.0101325 seconds
[2020-04-03T10:07:01.624+0200][1.216s][info][safepoint    ] Total time for which application threads were stopped: 0.0000565 seconds, Stopping threads took: 0.0000133 seconds
[2020-04-03T10:07:01.630+0200][1.222s][info][safepoint    ] Application time: 0.0060649 seconds
[2020-04-03T10:07:01.630+0200][1.222s][info][safepoint    ] Total time for which application threads were stopped: 0.0001682 seconds, Stopping threads took: 0.0000108 seconds
[2020-04-03T10:07:01.645+0200][1.237s][info][safepoint    ] Application time: 0.0144360 seconds
[2020-04-03T10:07:01.645+0200][1.237s][info][safepoint    ] Total time for which application threads were stopped: 0.0001115 seconds, Stopping threads took: 0.0000682 seconds
[2020-04-03T10:07:01.669+0200][1.262s][info][safepoint    ] Application time: 0.0245464 seconds
[2020-04-03T10:07:01.669+0200][1.262s][info][safepoint    ] Total time for which application threads were stopped: 0.0000774 seconds, Stopping threads took: 0.0000193 seconds
[2020-04-03T10:07:02.053+0200][1.645s][info][safepoint    ] Application time: 0.3829901 seconds
[2020-04-03T10:07:02.053+0200][1.645s][info][safepoint    ] Total time for which application threads were stopped: 0.0000853 seconds, Stopping threads took: 0.0000159 seconds
[2020-04-03T10:07:02.069+0200][1.661s][info][safepoint    ] Application time: 0.0158970 seconds
[2020-04-03T10:07:02.069+0200][1.661s][info][safepoint    ] Total time for which application threads were stopped: 0.0002116 seconds, Stopping threads took: 0.0000197 seconds
[2020-04-03T10:07:02.078+0200][1.670s][info][safepoint    ] Application time: 0.0090901 seconds
[2020-04-03T10:07:02.078+0200][1.670s][info][safepoint    ] Total time for which application threads were stopped: 0.0000726 seconds, Stopping threads took: 0.0000209 seconds
[2020-04-03T10:07:02.121+0200][1.713s][info][safepoint    ] Application time: 0.0427934 seconds
[2020-04-03T10:07:02.121+0200][1.713s][info][safepoint    ] Total time for which application threads were stopped: 0.0001248 seconds, Stopping threads took: 0.0000547 seconds
[2020-04-03T10:07:02.142+0200][1.734s][info][safepoint    ] Application time: 0.0211953 seconds
[2020-04-03T10:07:02.142+0200][1.734s][info][safepoint    ] Total time for which application threads were stopped: 0.0000874 seconds, Stopping threads took: 0.0000305 seconds
[2020-04-03T10:07:02.160+0200][1.753s][info][safepoint    ] Application time: 0.0187493 seconds
[2020-04-03T10:07:02.160+0200][1.753s][info][safepoint    ] Total time for which application threads were stopped: 0.0000660 seconds, Stopping threads took: 0.0000161 seconds
[2020-04-03T10:07:02.173+0200][1.766s][info][safepoint    ] Application time: 0.0127881 seconds
[2020-04-03T10:07:02.173+0200][1.766s][info][safepoint    ] Total time for which application threads were stopped: 0.0000631 seconds, Stopping threads took: 0.0000148 seconds
[2020-04-03T10:07:02.185+0200][1.778s][info][safepoint    ] Application time: 0.0118696 seconds
[2020-04-03T10:07:02.185+0200][1.778s][info][safepoint    ] Total time for which application threads were stopped: 0.0000632 seconds, Stopping threads took: 0.0000149 seconds
[2020-04-03T10:07:02.200+0200][1.793s][info][safepoint    ] Application time: 0.0148617 seconds
[2020-04-03T10:07:02.201+0200][1.793s][info][safepoint    ] Total time for which application threads were stopped: 0.0002581 seconds, Stopping threads took: 0.0000204 seconds
[2020-04-03T10:07:02.207+0200][1.800s][info][safepoint    ] Application time: 0.0068795 seconds
[2020-04-03T10:07:02.208+0200][1.800s][info][safepoint    ] Total time for which application threads were stopped: 0.0001669 seconds, Stopping threads took: 0.0000723 seconds
[2020-04-03T10:07:02.225+0200][1.818s][info][safepoint    ] Application time: 0.0175867 seconds
[2020-04-03T10:07:02.225+0200][1.818s][info][safepoint    ] Total time for which application threads were stopped: 0.0000709 seconds, Stopping threads took: 0.0000174 seconds
[2020-04-03T10:07:02.247+0200][1.839s][info][safepoint    ] Application time: 0.0210381 seconds
[2020-04-03T10:07:02.247+0200][1.839s][info][safepoint    ] Total time for which application threads were stopped: 0.0001244 seconds, Stopping threads took: 0.0000570 seconds
[2020-04-03T10:07:02.274+0200][1.867s][info][safepoint    ] Application time: 0.0275028 seconds
[2020-04-03T10:07:02.275+0200][1.867s][info][safepoint    ] Total time for which application threads were stopped: 0.0004552 seconds, Stopping threads took: 0.0001734 seconds
[2020-04-03T10:07:02.461+0200][2.053s][info][safepoint    ] Application time: 0.1853113 seconds
[2020-04-03T10:07:02.461+0200][2.053s][info][gc,start     ] GC(0) Pause Initial Mark
[2020-04-03T10:07:02.509+0200][2.101s][info][gc           ] GC(0) Pause Initial Mark 2880M->2880M(7442M) 47.796ms
[2020-04-03T10:07:02.509+0200][2.101s][info][gc,cpu       ] GC(0) User=0.14s Sys=0.00s Real=0.05s
[2020-04-03T10:07:02.509+0200][2.101s][info][safepoint    ] Total time for which application threads were stopped: 0.0482674 seconds, Stopping threads took: 0.0002638 seconds
[2020-04-03T10:07:02.509+0200][2.101s][info][gc           ] GC(0) Concurrent Mark
[2020-04-03T10:07:02.509+0200][2.101s][info][gc,task      ] GC(0) Using 2 workers of 2 for marking
[2020-04-03T10:07:02.509+0200][2.101s][info][gc           ] GC(0) Concurrent Mark 0.178ms
[2020-04-03T10:07:02.509+0200][2.101s][info][gc,cpu       ] GC(0) User=0.00s Sys=0.00s Real=0.00s
[2020-04-03T10:07:02.509+0200][2.101s][info][gc           ] GC(0) Concurrent Preclean
[2020-04-03T10:07:02.510+0200][2.102s][info][gc           ] GC(0) Concurrent Preclean 1.063ms
[2020-04-03T10:07:02.510+0200][2.102s][info][gc,cpu       ] GC(0) User=0.00s Sys=0.00s Real=0.00s
[2020-04-03T10:07:02.510+0200][2.102s][info][gc           ] GC(0) Concurrent Abortable Preclean
[2020-04-03T10:07:03.509+0200][3.101s][info][safepoint    ] Application time: 0.9998228 seconds
[2020-04-03T10:07:03.509+0200][3.101s][info][safepoint    ] Total time for which application threads were stopped: 0.0001080 seconds, Stopping threads took: 0.0000430 seconds
[2020-04-03T10:07:03.803+0200][3.396s][info][safepoint    ] Application time: 0.2947063 seconds
[2020-04-03T10:07:03.803+0200][3.396s][info][safepoint    ] Total time for which application threads were stopped: 0.0000762 seconds, Stopping threads took: 0.0000146 seconds
[2020-04-03T10:07:03.804+0200][3.396s][info][safepoint    ] Application time: 0.0004021 seconds
[2020-04-03T10:07:03.804+0200][3.396s][info][gc,start     ] GC(1) Pause Full (System.gc())
[2020-04-03T10:07:03.905+0200][3.497s][info][gc           ] GC(0) Concurrent Abortable Preclean 1394.793ms
[2020-04-03T10:07:03.905+0200][3.497s][info][gc,cpu       ] GC(0) User=1.64s Sys=0.17s Real=1.39s
[2020-04-03T10:07:03.906+0200][3.498s][info][gc,phases,start] GC(1) Phase 1: Mark live objects
[2020-04-03T10:07:04.089+0200][3.681s][info][gc,phases      ] GC(1) Phase 1: Mark live objects 183.203ms
[2020-04-03T10:07:04.089+0200][3.681s][info][gc,phases,start] GC(1) Phase 2: Compute new object addresses
[2020-04-03T10:07:04.318+0200][3.910s][info][gc,phases      ] GC(1) Phase 2: Compute new object addresses 228.537ms
[2020-04-03T10:07:04.318+0200][3.910s][info][gc,phases,start] GC(1) Phase 3: Adjust pointers
[2020-04-03T10:07:04.459+0200][4.051s][info][gc,phases      ] GC(1) Phase 3: Adjust pointers 141.000ms
[2020-04-03T10:07:04.459+0200][4.051s][info][gc,phases,start] GC(1) Phase 4: Move objects
[2020-04-03T10:07:04.713+0200][4.305s][info][gc,phases      ] GC(1) Phase 4: Move objects 254.211ms
[2020-04-03T10:07:04.717+0200][4.309s][info][gc,heap        ] GC(1) ParNew: 4177926K->0K(6912000K)
[2020-04-03T10:07:04.717+0200][4.309s][info][gc,heap        ] GC(1) CMS: 0K->216732K(708608K)
[2020-04-03T10:07:04.717+0200][4.309s][info][gc,metaspace   ] GC(1) Metaspace: 31147K->31147K(1079296K)
[2020-04-03T10:07:04.717+0200][4.309s][info][gc             ] GC(1) Pause Full (System.gc()) 4080M->211M(7442M) 912.937ms
[2020-04-03T10:07:04.717+0200][4.309s][info][gc,cpu         ] GC(1) User=0.77s Sys=0.03s Real=0.91s
[2020-04-03T10:07:04.717+0200][4.309s][info][safepoint      ] Total time for which application threads were stopped: 0.9132198 seconds, Stopping threads took: 0.0000166 seconds
[2020-04-03T10:07:04.792+0200][4.384s][info][safepoint      ] Application time: 0.0749313 seconds
[2020-04-03T10:07:04.793+0200][4.385s][info][safepoint      ] Total time for which application threads were stopped: 0.0005748 seconds, Stopping threads took: 0.0001777 seconds
[2020-04-03T10:07:05.793+0200][5.385s][info][safepoint      ] Application time: 0.9999058 seconds
[2020-04-03T10:07:05.794+0200][5.386s][info][safepoint      ] Total time for which application threads were stopped: 0.0007283 seconds, Stopping threads took: 0.0002186 seconds
[2020-04-03T10:07:06.795+0200][6.387s][info][safepoint      ] Application time: 1.0008658 seconds
[2020-04-03T10:07:06.795+0200][6.387s][info][safepoint      ] Total time for which application threads were stopped: 0.0001507 seconds, Stopping threads took: 0.0001067 seconds
[2020-04-03T10:07:07.795+0200][7.387s][info][safepoint      ] Application time: 1.0000531 seconds
[2020-04-03T10:07:07.795+0200][7.387s][info][safepoint      ] Total time for which application threads were stopped: 0.0001026 seconds, Stopping threads took: 0.0000384 seconds
[2020-04-03T10:07:08.796+0200][8.388s][info][safepoint      ] Application time: 1.0001229 seconds
[2020-04-03T10:07:08.796+0200][8.388s][info][safepoint      ] Total time for which application threads were stopped: 0.0000765 seconds, Stopping threads took: 0.0000358 seconds
[2020-04-03T10:07:09.739+0200][9.332s][info][safepoint      ] Application time: 0.9441543 seconds
[2020-04-03T10:07:09.739+0200][9.332s][info][gc,start       ] GC(2) Pause Young (Allocation Failure)
[2020-04-03T10:07:09.739+0200][9.332s][info][gc,task        ] GC(2) Using 8 workers of 8 for evacuation
[2020-04-03T10:07:09.835+0200][9.427s][debug][gc,age         ] GC(2) Desired survivor size 393216000 bytes, new threshold 6 (max threshold 6)
[2020-04-03T10:07:09.835+0200][9.427s][trace][gc,age         ] GC(2) Age table with threshold 6 (max threshold 6)
[2020-04-03T10:07:09.835+0200][9.427s][trace][gc,age         ] GC(2) - age   1:  208571328 bytes,  208571328 total
[2020-04-03T10:07:09.835+0200][9.427s][info ][gc,heap        ] GC(2) ParNew: 6144000K->206572K(6912000K)
[2020-04-03T10:07:09.835+0200][9.427s][info ][gc,heap        ] GC(2) CMS: 216732K->216732K(708608K)
[2020-04-03T10:07:09.835+0200][9.427s][info ][gc,metaspace   ] GC(2) Metaspace: 31569K->31569K(1079296K)
[2020-04-03T10:07:09.835+0200][9.427s][info ][gc             ] GC(2) Pause Young (Allocation Failure) 6211M->413M(7442M) 95.100ms
[2020-04-03T10:07:09.835+0200][9.427s][info ][gc,cpu         ] GC(2) User=0.59s Sys=0.16s Real=0.10s
[2020-04-03T10:07:09.835+0200][9.427s][info ][safepoint      ] Total time for which application threads were stopped: 0.0953512 seconds, Stopping threads took: 0.0000234 seconds
[2020-04-03T10:07:10.835+0200][10.427s][info ][safepoint      ] Application time: 0.9999260 seconds
[2020-04-03T10:07:10.835+0200][10.427s][info ][safepoint      ] Total time for which application threads were stopped: 0.0001240 seconds, Stopping threads took: 0.0000552 seconds
[2020-04-03T10:07:11.836+0200][11.427s][info ][safepoint      ] Application time: 1.0000542 seconds
[2020-04-03T10:07:11.836+0200][11.428s][info ][safepoint      ] Total time for which application threads were stopped: 0.0001178 seconds, Stopping threads took: 0.0000610 seconds
[2020-04-03T10:07:12.836+0200][12.428s][info ][safepoint      ] Application time: 1.0001339 seconds
[2020-04-03T10:07:12.836+0200][12.428s][info ][safepoint      ] Total time for which application threads were stopped: 0.0001439 seconds, Stopping threads took: 0.0001026 seconds
[2020-04-03T10:07:13.473+0200][13.066s][info ][safepoint      ] Application time: 0.6378493 seconds
[2020-04-03T10:07:13.473+0200][13.066s][info ][gc,start       ] GC(3) Pause Young (Allocation Failure)
[2020-04-03T10:07:13.474+0200][13.066s][info ][gc,task        ] GC(3) Using 8 workers of 8 for evacuation
[2020-04-03T10:07:13.565+0200][13.157s][debug][gc,age         ] GC(3) Desired survivor size 393216000 bytes, new threshold 6 (max threshold 6)
[2020-04-03T10:07:13.565+0200][13.157s][trace][gc,age         ] GC(3) Age table with threshold 6 (max threshold 6)
[2020-04-03T10:07:13.565+0200][13.157s][trace][gc,age         ] GC(3) - age   1:  206564776 bytes,  206564776 total
[2020-04-03T10:07:13.565+0200][13.157s][trace][gc,age         ] GC(3) - age   2:    6307632 bytes,  212872408 total
[2020-04-03T10:07:13.565+0200][13.157s][info ][gc,heap        ] GC(3) ParNew: 6350572K->381030K(6912000K)
[2020-04-03T10:07:13.565+0200][13.157s][info ][gc,heap        ] GC(3) CMS: 216732K->216732K(708608K)
[2020-04-03T10:07:13.565+0200][13.157s][info ][gc,metaspace   ] GC(3) Metaspace: 31595K->31595K(1079296K)
[2020-04-03T10:07:13.565+0200][13.157s][info ][gc             ] GC(3) Pause Young (Allocation Failure) 6413M->583M(7442M) 91.055ms
[2020-04-03T10:07:13.565+0200][13.157s][info ][gc,cpu         ] GC(3) User=0.61s Sys=0.03s Real=0.09s
[2020-04-03T10:07:13.565+0200][13.157s][info ][safepoint      ] Total time for which application threads were stopped: 0.0911897 seconds, Stopping threads took: 0.0000241 seconds
[2020-04-03T10:07:15.566+0200][15.157s][info ][safepoint      ] Application time: 2.0003932 seconds
[2020-04-03T10:07:15.566+0200][15.158s][info ][safepoint      ] Total time for which application threads were stopped: 0.0001465 seconds, Stopping threads took: 0.0001061 seconds
[2020-04-03T10:07:17.192+0200][16.785s][info ][safepoint      ] Application time: 1.6272326 seconds
[2020-04-03T10:07:17.193+0200][16.785s][info ][gc,start       ] GC(4) Pause Young (Allocation Failure)
[2020-04-03T10:07:17.193+0200][16.785s][info ][gc,task        ] GC(4) Using 8 workers of 8 for evacuation
[2020-04-03T10:07:17.280+0200][16.873s][debug][gc,age         ] GC(4) Desired survivor size 393216000 bytes, new threshold 6 (max threshold 6)
[2020-04-03T10:07:17.280+0200][16.873s][trace][gc,age         ] GC(4) Age table with threshold 6 (max threshold 6)
[2020-04-03T10:07:17.280+0200][16.873s][trace][gc,age         ] GC(4) - age   1:  206301912 bytes,  206301912 total
[2020-04-03T10:07:17.280+0200][16.873s][trace][gc,age         ] GC(4) - age   2:     264488 bytes,  206566400 total
[2020-04-03T10:07:17.280+0200][16.873s][trace][gc,age         ] GC(4) - age   3:    6306448 bytes,  212872848 total
[2020-04-03T10:07:17.280+0200][16.873s][info ][gc,heap        ] GC(4) ParNew: 6525030K->257517K(6912000K)
[2020-04-03T10:07:17.281+0200][16.873s][info ][gc,heap        ] GC(4) CMS: 216732K->216732K(708608K)
[2020-04-03T10:07:17.281+0200][16.873s][info ][gc,metaspace   ] GC(4) Metaspace: 31606K->31606K(1079296K)
[2020-04-03T10:07:17.281+0200][16.873s][info ][gc             ] GC(4) Pause Young (Allocation Failure) 6583M->463M(7442M) 87.777ms
[2020-04-03T10:07:17.281+0200][16.873s][info ][gc,cpu         ] GC(4) User=0.63s Sys=0.00s Real=0.09s
[2020-04-03T10:07:17.281+0200][16.873s][info ][safepoint      ] Total time for which application threads were stopped: 0.0879186 seconds, Stopping threads took: 0.0000245 seconds
[2020-04-03T10:07:18.281+0200][17.873s][info ][safepoint      ] Application time: 1.0002398 seconds
[2020-04-03T10:07:18.281+0200][17.873s][info ][safepoint      ] Total time for which application threads were stopped: 0.0000788 seconds, Stopping threads took: 0.0000385 seconds
[2020-04-03T10:07:20.937+0200][20.530s][info ][safepoint      ] Application time: 2.6564959 seconds
[2020-04-03T10:07:20.937+0200][20.530s][info ][gc,start       ] GC(5) Pause Young (Allocation Failure)
[2020-04-03T10:07:20.937+0200][20.530s][info ][gc,task        ] GC(5) Using 8 workers of 8 for evacuation
[2020-04-03T10:07:21.025+0200][20.617s][debug][gc,age         ] GC(5) Desired survivor size 393216000 bytes, new threshold 6 (max threshold 6)
[2020-04-03T10:07:21.025+0200][20.617s][trace][gc,age         ] GC(5) Age table with threshold 6 (max threshold 6)
[2020-04-03T10:07:21.025+0200][20.617s][trace][gc,age         ] GC(5) - age   1:  206299824 bytes,  206299824 total
[2020-04-03T10:07:21.025+0200][20.617s][trace][gc,age         ] GC(5) - age   2:        240 bytes,  206300064 total
[2020-04-03T10:07:21.025+0200][20.618s][trace][gc,age         ] GC(5) - age   3:     264360 bytes,  206564424 total
[2020-04-03T10:07:21.025+0200][20.618s][trace][gc,age         ] GC(5) - age   4:    6305328 bytes,  212869752 total
[2020-04-03T10:07:21.025+0200][20.618s][info ][gc,heap        ] GC(5) ParNew: 6401517K->376199K(6912000K)
[2020-04-03T10:07:21.025+0200][20.618s][info ][gc,heap        ] GC(5) CMS: 216732K->216732K(708608K)
[2020-04-03T10:07:21.025+0200][20.618s][info ][gc,metaspace   ] GC(5) Metaspace: 31616K->31616K(1079296K)
[2020-04-03T10:07:21.025+0200][20.618s][info ][gc             ] GC(5) Pause Young (Allocation Failure) 6463M->579M(7442M) 87.622ms
[2020-04-03T10:07:21.025+0200][20.618s][info ][gc,cpu         ] GC(5) User=0.75s Sys=0.00s Real=0.09s
[2020-04-03T10:07:21.025+0200][20.618s][info ][safepoint      ] Total time for which application threads were stopped: 0.0878206 seconds, Stopping threads took: 0.0000229 seconds
[2020-04-03T10:07:22.025+0200][21.617s][info ][safepoint      ] Application time: 0.9995496 seconds
[2020-04-03T10:07:22.025+0200][21.617s][info ][safepoint      ] Total time for which application threads were stopped: 0.0001162 seconds, Stopping threads took: 0.0000426 seconds
[2020-04-03T10:07:24.026+0200][23.618s][info ][safepoint      ] Application time: 2.0004282 seconds
[2020-04-03T10:07:24.026+0200][23.618s][info ][safepoint      ] Total time for which application threads were stopped: 0.0001087 seconds, Stopping threads took: 0.0000624 seconds
[2020-04-03T10:07:24.599+0200][24.192s][info ][safepoint      ] Application time: 0.5740202 seconds
[2020-04-03T10:07:24.599+0200][24.192s][info ][gc,start       ] GC(6) Pause Young (Allocation Failure)
[2020-04-03T10:07:24.599+0200][24.192s][info ][gc,task        ] GC(6) Using 8 workers of 8 for evacuation
[2020-04-03T10:07:24.687+0200][24.279s][debug][gc,age         ] GC(6) Desired survivor size 393216000 bytes, new threshold 6 (max threshold 6)
[2020-04-03T10:07:24.687+0200][24.279s][trace][gc,age         ] GC(6) Age table with threshold 6 (max threshold 6)
[2020-04-03T10:07:24.687+0200][24.279s][trace][gc,age         ] GC(6) - age   1:  206304680 bytes,  206304680 total
[2020-04-03T10:07:24.687+0200][24.279s][trace][gc,age         ] GC(6) - age   2:        240 bytes,  206304920 total
[2020-04-03T10:07:24.687+0200][24.279s][trace][gc,age         ] GC(6) - age   3:        144 bytes,  206305064 total
[2020-04-03T10:07:24.687+0200][24.280s][trace][gc,age         ] GC(6) - age   4:     264360 bytes,  206569424 total
[2020-04-03T10:07:24.687+0200][24.280s][trace][gc,age         ] GC(6) - age   5:    6304208 bytes,  212873632 total
[2020-04-03T10:07:24.687+0200][24.280s][info ][gc,heap        ] GC(6) ParNew: 6520199K->249957K(6912000K)
[2020-04-03T10:07:24.687+0200][24.280s][info ][gc,heap        ] GC(6) CMS: 216732K->216732K(708608K)
[2020-04-03T10:07:24.687+0200][24.280s][info ][gc,metaspace   ] GC(6) Metaspace: 31628K->31628K(1079296K)
[2020-04-03T10:07:24.687+0200][24.280s][info ][gc             ] GC(6) Pause Young (Allocation Failure) 6579M->455M(7442M) 87.523ms
[2020-04-03T10:07:24.687+0200][24.280s][info ][gc,cpu         ] GC(6) User=0.63s Sys=0.00s Real=0.09s
[2020-04-03T10:07:24.687+0200][24.280s][info ][safepoint      ] Total time for which application threads were stopped: 0.0876682 seconds, Stopping threads took: 0.0000255 seconds
[2020-04-03T10:07:25.687+0200][25.279s][info ][safepoint      ] Application time: 0.9996066 seconds
[2020-04-03T10:07:25.687+0200][25.279s][info ][safepoint      ] Total time for which application threads were stopped: 0.0000806 seconds, Stopping threads took: 0.0000401 seconds
[2020-04-03T10:07:26.688+0200][26.280s][info ][safepoint      ] Application time: 1.0002068 seconds
[2020-04-03T10:07:26.688+0200][26.280s][info ][safepoint      ] Total time for which application threads were stopped: 0.0000878 seconds, Stopping threads took: 0.0000448 seconds
[2020-04-03T10:07:28.292+0200][27.884s][info ][safepoint      ] Application time: 1.6044518 seconds
[2020-04-03T10:07:28.293+0200][27.884s][info ][gc,start       ] GC(7) Pause Young (Allocation Failure)
[2020-04-03T10:07:28.293+0200][27.884s][info ][gc,task        ] GC(7) Using 8 workers of 8 for evacuation
[2020-04-03T10:07:28.379+0200][27.971s][debug][gc,age         ] GC(7) Desired survivor size 393216000 bytes, new threshold 6 (max threshold 6)
[2020-04-03T10:07:28.379+0200][27.971s][trace][gc,age         ] GC(7) Age table with threshold 6 (max threshold 6)
[2020-04-03T10:07:28.379+0200][27.971s][trace][gc,age         ] GC(7) - age   1:  206303168 bytes,  206303168 total
[2020-04-03T10:07:28.379+0200][27.971s][trace][gc,age         ] GC(7) - age   2:        720 bytes,  206303888 total
[2020-04-03T10:07:28.379+0200][27.971s][trace][gc,age         ] GC(7) - age   3:        144 bytes,  206304032 total
[2020-04-03T10:07:28.379+0200][27.971s][trace][gc,age         ] GC(7) - age   4:        112 bytes,  206304144 total
[2020-04-03T10:07:28.379+0200][27.971s][trace][gc,age         ] GC(7) - age   5:     264360 bytes,  206568504 total
[2020-04-03T10:07:28.379+0200][27.971s][trace][gc,age         ] GC(7) - age   6:    6303088 bytes,  212871592 total
[2020-04-03T10:07:28.379+0200][27.971s][info ][gc,heap        ] GC(7) ParNew: 6393957K->374309K(6912000K)
[2020-04-03T10:07:28.379+0200][27.971s][info ][gc,heap        ] GC(7) CMS: 216732K->216732K(708608K)
[2020-04-03T10:07:28.379+0200][27.971s][info ][gc,metaspace   ] GC(7) Metaspace: 31651K->31651K(1079296K)
[2020-04-03T10:07:28.379+0200][27.971s][info ][gc             ] GC(7) Pause Young (Allocation Failure) 6455M->577M(7442M) 87.024ms
[2020-04-03T10:07:28.379+0200][27.971s][info ][gc,cpu         ] GC(7) User=0.75s Sys=0.00s Real=0.09s
[2020-04-03T10:07:28.379+0200][27.971s][info ][safepoint      ] Total time for which application threads were stopped: 0.0871546 seconds, Stopping threads took: 0.0000240 seconds
[2020-04-03T10:07:29.380+0200][28.972s][info ][safepoint      ] Application time: 1.0000028 seconds
[2020-04-03T10:07:29.380+0200][28.972s][info ][safepoint      ] Total time for which application threads were stopped: 0.0000974 seconds, Stopping threads took: 0.0000553 seconds
[2020-04-03T10:07:30.380+0200][29.972s][info ][safepoint      ] Application time: 1.0000427 seconds
[2020-04-03T10:07:30.380+0200][29.972s][info ][safepoint      ] Total time for which application threads were stopped: 0.0001064 seconds, Stopping threads took: 0.0000623 seconds
[2020-04-03T10:07:31.380+0200][30.972s][info ][safepoint      ] Application time: 1.0001783 seconds
[2020-04-03T10:07:31.380+0200][30.972s][info ][safepoint      ] Total time for which application threads were stopped: 0.0001478 seconds, Stopping threads took: 0.0001041 seconds
[2020-04-03T10:07:31.865+0200][31.457s][info ][safepoint      ] Application time: 0.4847856 seconds
[2020-04-03T10:07:31.865+0200][31.457s][info ][gc,start       ] GC(8) Pause Young (Allocation Failure)
[2020-04-03T10:07:31.865+0200][31.457s][info ][gc,task        ] GC(8) Using 8 workers of 8 for evacuation
[2020-04-03T10:07:31.955+0200][31.547s][debug][gc,age         ] GC(8) Desired survivor size 393216000 bytes, new threshold 6 (max threshold 6)
[2020-04-03T10:07:31.955+0200][31.547s][trace][gc,age         ] GC(8) Age table with threshold 6 (max threshold 6)
[2020-04-03T10:07:31.955+0200][31.547s][trace][gc,age         ] GC(8) - age   1:  206307784 bytes,  206307784 total
[2020-04-03T10:07:31.955+0200][31.547s][trace][gc,age         ] GC(8) - age   2:        536 bytes,  206308320 total
[2020-04-03T10:07:31.955+0200][31.547s][trace][gc,age         ] GC(8) - age   3:        624 bytes,  206308944 total
[2020-04-03T10:07:31.955+0200][31.547s][trace][gc,age         ] GC(8) - age   4:        112 bytes,  206309056 total
[2020-04-03T10:07:31.955+0200][31.547s][trace][gc,age         ] GC(8) - age   5:        112 bytes,  206309168 total
[2020-04-03T10:07:31.955+0200][31.547s][trace][gc,age         ] GC(8) - age   6:     264360 bytes,  206573528 total
[2020-04-03T10:07:31.955+0200][31.547s][info ][gc,heap        ] GC(8) ParNew: 6518309K->249487K(6912000K)
[2020-04-03T10:07:31.955+0200][31.547s][info ][gc,heap        ] GC(8) CMS: 216732K->223945K(708608K)
[2020-04-03T10:07:31.955+0200][31.547s][info ][gc,metaspace   ] GC(8) Metaspace: 31664K->31664K(1079296K)
[2020-04-03T10:07:31.955+0200][31.548s][info ][gc             ] GC(8) Pause Young (Allocation Failure) 6577M->462M(7442M) 90.135ms
[2020-04-03T10:07:31.955+0200][31.548s][info ][gc,cpu         ] GC(8) User=0.63s Sys=0.00s Real=0.09s
[2020-04-03T10:07:31.956+0200][31.548s][info ][safepoint      ] Total time for which application threads were stopped: 0.0903898 seconds, Stopping threads took: 0.0000379 seconds
[2020-04-03T10:07:35.522+0200][35.115s][info ][safepoint      ] Application time: 3.5673933 seconds
[2020-04-03T10:07:35.523+0200][35.115s][info ][gc,start       ] GC(9) Pause Young (Allocation Failure)
[2020-04-03T10:07:35.523+0200][35.115s][info ][gc,task        ] GC(9) Using 8 workers of 8 for evacuation
[2020-04-03T10:07:35.609+0200][35.201s][debug][gc,age         ] GC(9) Desired survivor size 393216000 bytes, new threshold 6 (max threshold 6)
[2020-04-03T10:07:35.609+0200][35.201s][trace][gc,age         ] GC(9) Age table with threshold 6 (max threshold 6)
[2020-04-03T10:07:35.609+0200][35.201s][trace][gc,age         ] GC(9) - age   1:  206298992 bytes,  206298992 total
[2020-04-03T10:07:35.609+0200][35.201s][trace][gc,age         ] GC(9) - age   2:       2976 bytes,  206301968 total
[2020-04-03T10:07:35.609+0200][35.201s][trace][gc,age         ] GC(9) - age   3:        440 bytes,  206302408 total
[2020-04-03T10:07:35.609+0200][35.201s][trace][gc,age         ] GC(9) - age   4:        624 bytes,  206303032 total
[2020-04-03T10:07:35.609+0200][35.201s][trace][gc,age         ] GC(9) - age   5:        112 bytes,  206303144 total
[2020-04-03T10:07:35.609+0200][35.201s][trace][gc,age         ] GC(9) - age   6:        112 bytes,  206303256 total
[2020-04-03T10:07:35.609+0200][35.201s][info ][gc,heap        ] GC(9) ParNew: 6393487K->364958K(6912000K)
[2020-04-03T10:07:35.609+0200][35.201s][info ][gc,heap        ] GC(9) CMS: 223945K->224204K(708608K)
[2020-04-03T10:07:35.609+0200][35.201s][info ][gc,metaspace   ] GC(9) Metaspace: 31673K->31673K(1079296K)
[2020-04-03T10:07:35.609+0200][35.201s][info ][gc             ] GC(9) Pause Young (Allocation Failure) 6462M->575M(7442M) 86.007ms
[2020-04-03T10:07:35.609+0200][35.201s][info ][gc,cpu         ] GC(9) User=0.63s Sys=0.00s Real=0.09s
[2020-04-03T10:07:35.609+0200][35.201s][info ][safepoint      ] Total time for which application threads were stopped: 0.0861331 seconds, Stopping threads took: 0.0000218 seconds
[2020-04-03T10:07:39.276+0200][38.868s][info ][safepoint      ] Application time: 3.6668776 seconds
[2020-04-03T10:07:39.276+0200][38.868s][info ][gc,start       ] GC(10) Pause Young (Allocation Failure)
[2020-04-03T10:07:39.276+0200][38.868s][info ][gc,task        ] GC(10) Using 8 workers of 8 for evacuation
[2020-04-03T10:07:39.361+0200][38.954s][debug][gc,age         ] GC(10) Desired survivor size 393216000 bytes, new threshold 6 (max threshold 6)
[2020-04-03T10:07:39.361+0200][38.954s][trace][gc,age         ] GC(10) Age table with threshold 6 (max threshold 6)
[2020-04-03T10:07:39.361+0200][38.954s][trace][gc,age         ] GC(10) - age   1:  206299152 bytes,  206299152 total
[2020-04-03T10:07:39.361+0200][38.954s][trace][gc,age         ] GC(10) - age   2:        952 bytes,  206300104 total
[2020-04-03T10:07:39.361+0200][38.954s][trace][gc,age         ] GC(10) - age   3:       2880 bytes,  206302984 total
[2020-04-03T10:07:39.361+0200][38.954s][trace][gc,age         ] GC(10) - age   4:        408 bytes,  206303392 total
[2020-04-03T10:07:39.361+0200][38.954s][trace][gc,age         ] GC(10) - age   5:        624 bytes,  206304016 total
[2020-04-03T10:07:39.361+0200][38.954s][trace][gc,age         ] GC(10) - age   6:        112 bytes,  206304128 total
[2020-04-03T10:07:39.361+0200][38.954s][info ][gc,heap        ] GC(10) ParNew: 6508958K->242338K(6912000K)
[2020-04-03T10:07:39.361+0200][38.954s][info ][gc,heap        ] GC(10) CMS: 224204K->224204K(708608K)
[2020-04-03T10:07:39.361+0200][38.954s][info ][gc,metaspace   ] GC(10) Metaspace: 31680K->31680K(1079296K)
[2020-04-03T10:07:39.362+0200][38.954s][info ][gc             ] GC(10) Pause Young (Allocation Failure) 6575M->455M(7442M) 85.603ms
[2020-04-03T10:07:39.362+0200][38.954s][info ][gc,cpu         ] GC(10) User=0.64s Sys=0.00s Real=0.09s
[2020-04-03T10:07:39.362+0200][38.954s][info ][safepoint      ] Total time for which application threads were stopped: 0.0857483 seconds, Stopping threads took: 0.0000220 seconds
[2020-04-03T10:07:41.363+0200][40.954s][info ][safepoint      ] Application time: 2.0006037 seconds
[2020-04-03T10:07:41.363+0200][40.955s][info ][safepoint      ] Total time for which application threads were stopped: 0.0001875 seconds, Stopping threads took: 0.0001279 seconds
[2020-04-03T10:07:43.025+0200][42.618s][info ][safepoint      ] Application time: 1.6630899 seconds
[2020-04-03T10:07:43.025+0200][42.618s][info ][gc,start       ] GC(11) Pause Young (Allocation Failure)
[2020-04-03T10:07:43.025+0200][42.618s][info ][gc,task        ] GC(11) Using 8 workers of 8 for evacuation
[2020-04-03T10:07:43.112+0200][42.704s][debug][gc,age         ] GC(11) Desired survivor size 393216000 bytes, new threshold 6 (max threshold 6)
[2020-04-03T10:07:43.112+0200][42.704s][trace][gc,age         ] GC(11) Age table with threshold 6 (max threshold 6)
[2020-04-03T10:07:43.112+0200][42.704s][trace][gc,age         ] GC(11) - age   1:  206297912 bytes,  206297912 total
[2020-04-03T10:07:43.112+0200][42.704s][trace][gc,age         ] GC(11) - age   2:        392 bytes,  206298304 total
[2020-04-03T10:07:43.112+0200][42.704s][trace][gc,age         ] GC(11) - age   3:        824 bytes,  206299128 total
[2020-04-03T10:07:43.112+0200][42.704s][trace][gc,age         ] GC(11) - age   4:       2880 bytes,  206302008 total
[2020-04-03T10:07:43.112+0200][42.704s][trace][gc,age         ] GC(11) - age   5:        408 bytes,  206302416 total
[2020-04-03T10:07:43.112+0200][42.704s][trace][gc,age         ] GC(11) - age   6:        624 bytes,  206303040 total
[2020-04-03T10:07:43.112+0200][42.704s][info ][gc,heap        ] GC(11) ParNew: 6386338K->362784K(6912000K)
[2020-04-03T10:07:43.112+0200][42.704s][info ][gc,heap        ] GC(11) CMS: 224204K->224204K(708608K)
[2020-04-03T10:07:43.112+0200][42.704s][info ][gc,metaspace   ] GC(11) Metaspace: 31684K->31684K(1079296K)
[2020-04-03T10:07:43.112+0200][42.704s][info ][gc             ] GC(11) Pause Young (Allocation Failure) 6455M->573M(7442M) 86.225ms
[2020-04-03T10:07:43.112+0200][42.704s][info ][gc,cpu         ] GC(11) User=0.64s Sys=0.00s Real=0.09s
[2020-04-03T10:07:43.112+0200][42.704s][info ][safepoint      ] Total time for which application threads were stopped: 0.0863742 seconds, Stopping threads took: 0.0000228 seconds
[2020-04-03T10:07:46.752+0200][46.345s][info ][safepoint      ] Application time: 3.6404555 seconds
[2020-04-03T10:07:46.752+0200][46.345s][info ][gc,start       ] GC(12) Pause Young (Allocation Failure)
[2020-04-03T10:07:46.752+0200][46.345s][info ][gc,task        ] GC(12) Using 8 workers of 8 for evacuation
[2020-04-03T10:07:46.838+0200][46.430s][debug][gc,age         ] GC(12) Desired survivor size 393216000 bytes, new threshold 6 (max threshold 6)
[2020-04-03T10:07:46.838+0200][46.430s][trace][gc,age         ] GC(12) Age table with threshold 6 (max threshold 6)
[2020-04-03T10:07:46.838+0200][46.430s][trace][gc,age         ] GC(12) - age   1:  206297400 bytes,  206297400 total
[2020-04-03T10:07:46.838+0200][46.430s][trace][gc,age         ] GC(12) - age   2:        240 bytes,  206297640 total
[2020-04-03T10:07:46.838+0200][46.430s][trace][gc,age         ] GC(12) - age   3:        296 bytes,  206297936 total
[2020-04-03T10:07:46.838+0200][46.430s][trace][gc,age         ] GC(12) - age   4:        824 bytes,  206298760 total
[2020-04-03T10:07:46.838+0200][46.430s][trace][gc,age         ] GC(12) - age   5:       2880 bytes,  206301640 total
[2020-04-03T10:07:46.838+0200][46.430s][trace][gc,age         ] GC(12) - age   6:        408 bytes,  206302048 total
[2020-04-03T10:07:46.838+0200][46.430s][info ][gc,heap        ] GC(12) ParNew: 6506784K->241795K(6912000K)
[2020-04-03T10:07:46.838+0200][46.430s][info ][gc,heap        ] GC(12) CMS: 224204K->224204K(708608K)
[2020-04-03T10:07:46.838+0200][46.430s][info ][gc,metaspace   ] GC(12) Metaspace: 31685K->31685K(1079296K)
[2020-04-03T10:07:46.838+0200][46.430s][info ][gc             ] GC(12) Pause Young (Allocation Failure) 6573M->455M(7442M) 85.609ms
[2020-04-03T10:07:46.838+0200][46.430s][info ][gc,cpu         ] GC(12) User=0.63s Sys=0.00s Real=0.09s
[2020-04-03T10:07:46.838+0200][46.430s][info ][safepoint      ] Total time for which application threads were stopped: 0.0857520 seconds, Stopping threads took: 0.0000234 seconds
[2020-04-03T10:07:47.838+0200][47.430s][info ][safepoint      ] Application time: 0.9996821 seconds
[2020-04-03T10:07:47.838+0200][47.430s][info ][safepoint      ] Total time for which application threads were stopped: 0.0000873 seconds, Stopping threads took: 0.0000403 seconds
[2020-04-03T10:07:50.517+0200][50.109s][info ][safepoint      ] Application time: 2.6791690 seconds
[2020-04-03T10:07:50.517+0200][50.110s][info ][gc,start       ] GC(13) Pause Young (Allocation Failure)
[2020-04-03T10:07:50.517+0200][50.110s][info ][gc,task        ] GC(13) Using 8 workers of 8 for evacuation
[2020-04-03T10:07:50.607+0200][50.199s][debug][gc,age         ] GC(13) Desired survivor size 393216000 bytes, new threshold 6 (max threshold 6)
[2020-04-03T10:07:50.607+0200][50.199s][trace][gc,age         ] GC(13) Age table with threshold 6 (max threshold 6)
[2020-04-03T10:07:50.607+0200][50.199s][trace][gc,age         ] GC(13) - age   1:  206297496 bytes,  206297496 total
[2020-04-03T10:07:50.607+0200][50.199s][trace][gc,age         ] GC(13) - age   2:        208 bytes,  206297704 total
[2020-04-03T10:07:50.607+0200][50.199s][trace][gc,age         ] GC(13) - age   3:        144 bytes,  206297848 total
[2020-04-03T10:07:50.607+0200][50.199s][trace][gc,age         ] GC(13) - age   4:        264 bytes,  206298112 total
[2020-04-03T10:07:50.607+0200][50.199s][trace][gc,age         ] GC(13) - age   5:        824 bytes,  206298936 total
[2020-04-03T10:07:50.607+0200][50.199s][trace][gc,age         ] GC(13) - age   6:       2880 bytes,  206301816 total
[2020-04-03T10:07:50.607+0200][50.199s][info ][gc,heap        ] GC(13) ParNew: 6385795K->362645K(6912000K)
[2020-04-03T10:07:50.607+0200][50.199s][info ][gc,heap        ] GC(13) CMS: 224204K->224205K(708608K)
[2020-04-03T10:07:50.607+0200][50.199s][info ][gc,metaspace   ] GC(13) Metaspace: 31705K->31705K(1079296K)
[2020-04-03T10:07:50.607+0200][50.199s][info ][gc             ] GC(13) Pause Young (Allocation Failure) 6455M->573M(7442M) 89.316ms
[2020-04-03T10:07:50.607+0200][50.199s][info ][gc,cpu         ] GC(13) User=0.75s Sys=0.00s Real=0.09s
[2020-04-03T10:07:50.607+0200][50.199s][info ][safepoint      ] Total time for which application threads were stopped: 0.0894730 seconds, Stopping threads took: 0.0000231 seconds
[2020-04-03T10:07:51.607+0200][51.199s][info ][safepoint      ] Application time: 1.0000448 seconds
[2020-04-03T10:07:51.607+0200][51.199s][info ][safepoint      ] Total time for which application threads were stopped: 0.0001340 seconds, Stopping threads took: 0.0000755 seconds
[2020-04-03T10:07:54.304+0200][53.897s][info ][safepoint      ] Application time: 2.6972646 seconds
[2020-04-03T10:07:54.304+0200][53.897s][info ][gc,start       ] GC(14) Pause Young (Allocation Failure)
[2020-04-03T10:07:54.304+0200][53.897s][info ][gc,task        ] GC(14) Using 8 workers of 8 for evacuation
[2020-04-03T10:07:54.394+0200][53.986s][debug][gc,age         ] GC(14) Desired survivor size 393216000 bytes, new threshold 6 (max threshold 6)
[2020-04-03T10:07:54.394+0200][53.986s][trace][gc,age         ] GC(14) Age table with threshold 6 (max threshold 6)
[2020-04-03T10:07:54.394+0200][53.986s][trace][gc,age         ] GC(14) - age   1:  206301000 bytes,  206301000 total
[2020-04-03T10:07:54.394+0200][53.986s][trace][gc,age         ] GC(14) - age   2:        296 bytes,  206301296 total
[2020-04-03T10:07:54.394+0200][53.986s][trace][gc,age         ] GC(14) - age   3:        112 bytes,  206301408 total
[2020-04-03T10:07:54.394+0200][53.986s][trace][gc,age         ] GC(14) - age   4:        112 bytes,  206301520 total
[2020-04-03T10:07:54.394+0200][53.986s][trace][gc,age         ] GC(14) - age   5:        264 bytes,  206301784 total
[2020-04-03T10:07:54.394+0200][53.986s][trace][gc,age         ] GC(14) - age   6:        824 bytes,  206302608 total
[2020-04-03T10:07:54.394+0200][53.986s][info ][gc,heap        ] GC(14) ParNew: 6506645K->241759K(6912000K)
[2020-04-03T10:07:54.394+0200][53.986s][info ][gc,heap        ] GC(14) CMS: 224205K->224208K(708608K)
[2020-04-03T10:07:54.394+0200][53.986s][info ][gc,metaspace   ] GC(14) Metaspace: 31717K->31717K(1079296K)
[2020-04-03T10:07:54.394+0200][53.986s][info ][gc             ] GC(14) Pause Young (Allocation Failure) 6573M->455M(7442M) 89.520ms
[2020-04-03T10:07:54.394+0200][53.986s][info ][gc,cpu         ] GC(14) User=0.75s Sys=0.00s Real=0.09s
[2020-04-03T10:07:54.394+0200][53.986s][info ][safepoint      ] Total time for which application threads were stopped: 0.0896560 seconds, Stopping threads took: 0.0000231 seconds
[2020-04-03T10:07:58.093+0200][57.685s][info ][safepoint      ] Application time: 3.6989263 seconds
[2020-04-03T10:07:58.093+0200][57.685s][info ][gc,start       ] GC(15) Pause Young (Allocation Failure)
[2020-04-03T10:07:58.093+0200][57.685s][info ][gc,task        ] GC(15) Using 8 workers of 8 for evacuation
[2020-04-03T10:07:58.179+0200][57.771s][debug][gc,age         ] GC(15) Desired survivor size 393216000 bytes, new threshold 6 (max threshold 6)
[2020-04-03T10:07:58.179+0200][57.771s][trace][gc,age         ] GC(15) Age table with threshold 6 (max threshold 6)
[2020-04-03T10:07:58.179+0200][57.771s][trace][gc,age         ] GC(15) - age   1:  206301616 bytes,  206301616 total
[2020-04-03T10:07:58.179+0200][57.771s][trace][gc,age         ] GC(15) - age   2:       1864 bytes,  206303480 total
[2020-04-03T10:07:58.179+0200][57.771s][trace][gc,age         ] GC(15) - age   3:        168 bytes,  206303648 total
[2020-04-03T10:07:58.179+0200][57.771s][trace][gc,age         ] GC(15) - age   4:        112 bytes,  206303760 total
[2020-04-03T10:07:58.179+0200][57.771s][trace][gc,age         ] GC(15) - age   5:        112 bytes,  206303872 total
[2020-04-03T10:07:58.179+0200][57.771s][trace][gc,age         ] GC(15) - age   6:        264 bytes,  206304136 total
[2020-04-03T10:07:58.179+0200][57.771s][info ][gc,heap        ] GC(15) ParNew: 6385759K->362637K(6912000K)
[2020-04-03T10:07:58.179+0200][57.771s][info ][gc,heap        ] GC(15) CMS: 224208K->224208K(708608K)
[2020-04-03T10:07:58.179+0200][57.771s][info ][gc,metaspace   ] GC(15) Metaspace: 31718K->31718K(1079296K)
[2020-04-03T10:07:58.179+0200][57.771s][info ][gc             ] GC(15) Pause Young (Allocation Failure) 6455M->573M(7442M) 85.614ms
[2020-04-03T10:07:58.179+0200][57.771s][info ][gc,cpu         ] GC(15) User=0.75s Sys=0.00s Real=0.09s
[2020-04-03T10:07:58.179+0200][57.771s][info ][safepoint      ] Total time for which application threads were stopped: 0.0858228 seconds, Stopping threads took: 0.0000249 seconds
[2020-04-03T10:08:01.180+0200][60.771s][info ][safepoint      ] Application time: 3.0004410 seconds
[2020-04-03T10:08:01.180+0200][60.772s][info ][safepoint      ] Total time for which application threads were stopped: 0.0001158 seconds, Stopping threads took: 0.0000427 seconds
[2020-04-03T10:08:01.775+0200][61.367s][info ][safepoint      ] Application time: 0.5953127 seconds
[2020-04-03T10:08:01.775+0200][61.367s][info ][gc,start       ] GC(16) Pause Young (Allocation Failure)
[2020-04-03T10:08:01.775+0200][61.367s][info ][gc,task        ] GC(16) Using 8 workers of 8 for evacuation
[2020-04-03T10:08:01.861+0200][61.453s][debug][gc,age         ] GC(16) Desired survivor size 393216000 bytes, new threshold 6 (max threshold 6)
[2020-04-03T10:08:01.861+0200][61.453s][trace][gc,age         ] GC(16) Age table with threshold 6 (max threshold 6)
[2020-04-03T10:08:01.861+0200][61.453s][trace][gc,age         ] GC(16) - age   1:  206300328 bytes,  206300328 total
[2020-04-03T10:08:01.861+0200][61.453s][trace][gc,age         ] GC(16) - age   2:       2480 bytes,  206302808 total
[2020-04-03T10:08:01.861+0200][61.453s][trace][gc,age         ] GC(16) - age   3:       1768 bytes,  206304576 total
[2020-04-03T10:08:01.861+0200][61.453s][trace][gc,age         ] GC(16) - age   4:        168 bytes,  206304744 total
[2020-04-03T10:08:01.861+0200][61.453s][trace][gc,age         ] GC(16) - age   5:        112 bytes,  206304856 total
[2020-04-03T10:08:01.861+0200][61.453s][trace][gc,age         ] GC(16) - age   6:        112 bytes,  206304968 total
[2020-04-03T10:08:01.861+0200][61.453s][info ][gc,heap        ] GC(16) ParNew: 6506637K->241759K(6912000K)
[2020-04-03T10:08:01.861+0200][61.453s][info ][gc,heap        ] GC(16) CMS: 224208K->224209K(708608K)
[2020-04-03T10:08:01.861+0200][61.453s][info ][gc,metaspace   ] GC(16) Metaspace: 31720K->31720K(1079296K)
[2020-04-03T10:08:01.861+0200][61.453s][info ][gc             ] GC(16) Pause Young (Allocation Failure) 6573M->455M(7442M) 85.771ms
[2020-04-03T10:08:01.861+0200][61.453s][info ][gc,cpu         ] GC(16) User=0.63s Sys=0.00s Real=0.09s
[2020-04-03T10:08:01.861+0200][61.453s][info ][safepoint      ] Total time for which application threads were stopped: 0.0859532 seconds, Stopping threads took: 0.0000335 seconds
[2020-04-03T10:08:02.148+0200][61.740s][info ][safepoint      ] Application time: 0.2872727 seconds
[2020-04-03T10:08:02.148+0200][61.740s][info ][gc,start       ] GC(17) Pause Full (System.gc())
[2020-04-03T10:08:02.149+0200][61.741s][info ][gc,phases,start] GC(17) Phase 1: Mark live objects
[2020-04-03T10:08:02.295+0200][61.887s][info ][gc,phases      ] GC(17) Phase 1: Mark live objects 145.824ms
[2020-04-03T10:08:02.295+0200][61.887s][info ][gc,phases,start] GC(17) Phase 2: Compute new object addresses
[2020-04-03T10:08:02.482+0200][62.074s][info ][gc,phases      ] GC(17) Phase 2: Compute new object addresses 187.234ms
[2020-04-03T10:08:02.482+0200][62.074s][info ][gc,phases,start] GC(17) Phase 3: Adjust pointers
[2020-04-03T10:08:02.603+0200][62.195s][info ][gc,phases      ] GC(17) Phase 3: Adjust pointers 120.628ms
[2020-04-03T10:08:02.603+0200][62.195s][info ][gc,phases,start] GC(17) Phase 4: Move objects
[2020-04-03T10:08:02.728+0200][62.321s][info ][gc,phases      ] GC(17) Phase 4: Move objects 125.567ms
[2020-04-03T10:08:02.730+0200][62.323s][info ][gc,heap        ] GC(17) ParNew: 1299854K->0K(6912000K)
[2020-04-03T10:08:02.730+0200][62.323s][info ][gc,heap        ] GC(17) CMS: 224209K->225906K(708608K)
[2020-04-03T10:08:02.730+0200][62.323s][info ][gc,metaspace   ] GC(17) Metaspace: 31768K->31768K(1079296K)
[2020-04-03T10:08:02.730+0200][62.323s][info ][gc             ] GC(17) Pause Full (System.gc()) 1488M->220M(7442M) 582.274ms
[2020-04-03T10:08:02.730+0200][62.323s][info ][gc,cpu         ] GC(17) User=0.58s Sys=0.00s Real=0.58s
[2020-04-03T10:08:02.730+0200][62.323s][info ][safepoint      ] Total time for which application threads were stopped: 0.5824582 seconds, Stopping threads took: 0.0000218 seconds
[2020-04-03T10:08:03.732+0200][63.323s][info ][safepoint      ] Application time: 1.0006684 seconds
[2020-04-03T10:08:03.732+0200][63.324s][info ][safepoint      ] Total time for which application threads were stopped: 0.0002061 seconds, Stopping threads took: 0.0000580 seconds
[2020-04-03T10:08:04.732+0200][64.324s][info ][safepoint      ] Application time: 0.9999189 seconds
[2020-04-03T10:08:04.732+0200][64.324s][info ][safepoint      ] Total time for which application threads were stopped: 0.0002051 seconds, Stopping threads took: 0.0000576 seconds
[2020-04-03T10:08:05.733+0200][65.325s][info ][safepoint      ] Application time: 1.0005743 seconds
[2020-04-03T10:08:05.733+0200][65.325s][info ][safepoint      ] Total time for which application threads were stopped: 0.0001958 seconds, Stopping threads took: 0.0000592 seconds
[2020-04-03T10:08:09.735+0200][69.327s][info ][safepoint      ] Application time: 4.0021827 seconds
[2020-04-03T10:08:09.735+0200][69.328s][info ][safepoint      ] Total time for which application threads were stopped: 0.0002086 seconds, Stopping threads took: 0.0000614 seconds
